2025-07-02 22:27:44,982 [Worker-5: Loading available Gradle versions] INFO  o.e.b.c.i.u.g.PublishedGradleVersions - Gradle version information cache is not available. Remote download required.
2025-07-02 22:29:46,576 [Worker-19: Launching mavenrun-4d124273-6bf9-401f-a58c-1543e09f9c7c] INFO  o.eclipse.m2e.core.internal.Bundles - getClasspathEntries(Bundle=org.eclipse.m2e.maven.runtime_3.9.900.20250220-2013 [299])
2025-07-02 22:29:46,579 [Worker-19: Launching mavenrun-4d124273-6bf9-401f-a58c-1543e09f9c7c] INFO  o.eclipse.m2e.core.internal.Bundles - 	Entry: C:\Users\teshahan\.p2\pool\plugins\org.eclipse.m2e.maven.runtime_3.9.900.20250220-2013
2025-07-02 22:29:46,580 [Worker-19: Launching mavenrun-4d124273-6bf9-401f-a58c-1543e09f9c7c] INFO  o.eclipse.m2e.core.internal.Bundles - 	Entry: C:\Users\teshahan\.p2\pool\plugins\org.eclipse.m2e.maven.runtime_3.9.900.20250220-2013\jars\aopalliance-1.0.jar
2025-07-02 22:29:46,581 [Worker-19: Launching mavenrun-4d124273-6bf9-401f-a58c-1543e09f9c7c] INFO  o.eclipse.m2e.core.internal.Bundles - 	Entry: C:\Users\teshahan\.p2\pool\plugins\org.eclipse.m2e.maven.runtime_3.9.900.20250220-2013\jars\guice-5.1.0.jar
2025-07-02 22:29:46,581 [Worker-19: Launching mavenrun-4d124273-6bf9-401f-a58c-1543e09f9c7c] INFO  o.eclipse.m2e.core.internal.Bundles - 	Entry: C:\Users\teshahan\.p2\pool\plugins\org.eclipse.m2e.maven.runtime_3.9.900.20250220-2013\jars\httpclient-4.5.14.jar
2025-07-02 22:29:46,581 [Worker-19: Launching mavenrun-4d124273-6bf9-401f-a58c-1543e09f9c7c] INFO  o.eclipse.m2e.core.internal.Bundles - 	Entry: C:\Users\teshahan\.p2\pool\plugins\org.eclipse.m2e.maven.runtime_3.9.900.20250220-2013\jars\httpcore-4.4.16.jar
2025-07-02 22:29:46,581 [Worker-19: Launching mavenrun-4d124273-6bf9-401f-a58c-1543e09f9c7c] INFO  o.eclipse.m2e.core.internal.Bundles - 	Entry: C:\Users\teshahan\.p2\pool\plugins\org.eclipse.m2e.maven.runtime_3.9.900.20250220-2013\jars\jansi-2.4.1.jar
2025-07-02 22:29:46,582 [Worker-19: Launching mavenrun-4d124273-6bf9-401f-a58c-1543e09f9c7c] INFO  o.eclipse.m2e.core.internal.Bundles - 	Entry: C:\Users\teshahan\.p2\pool\plugins\org.eclipse.m2e.maven.runtime_3.9.900.20250220-2013\jars\jcl-over-slf4j-1.7.36.jar
2025-07-02 22:29:46,582 [Worker-19: Launching mavenrun-4d124273-6bf9-401f-a58c-1543e09f9c7c] INFO  o.eclipse.m2e.core.internal.Bundles - 	Entry: C:\Users\teshahan\.p2\pool\plugins\org.eclipse.m2e.maven.runtime_3.9.900.20250220-2013\jars\maven-artifact-3.9.9.jar
2025-07-02 22:29:46,582 [Worker-19: Launching mavenrun-4d124273-6bf9-401f-a58c-1543e09f9c7c] INFO  o.eclipse.m2e.core.internal.Bundles - 	Entry: C:\Users\teshahan\.p2\pool\plugins\org.eclipse.m2e.maven.runtime_3.9.900.20250220-2013\jars\maven-builder-support-3.9.9.jar
2025-07-02 22:29:46,582 [Worker-19: Launching mavenrun-4d124273-6bf9-401f-a58c-1543e09f9c7c] INFO  o.eclipse.m2e.core.internal.Bundles - 	Entry: C:\Users\teshahan\.p2\pool\plugins\org.eclipse.m2e.maven.runtime_3.9.900.20250220-2013\jars\maven-compat-3.9.9.jar
2025-07-02 22:29:46,583 [Worker-19: Launching mavenrun-4d124273-6bf9-401f-a58c-1543e09f9c7c] INFO  o.eclipse.m2e.core.internal.Bundles - 	Entry: C:\Users\teshahan\.p2\pool\plugins\org.eclipse.m2e.maven.runtime_3.9.900.20250220-2013\jars\maven-core-3.9.9.jar
2025-07-02 22:29:46,583 [Worker-19: Launching mavenrun-4d124273-6bf9-401f-a58c-1543e09f9c7c] INFO  o.eclipse.m2e.core.internal.Bundles - 	Entry: C:\Users\teshahan\.p2\pool\plugins\org.eclipse.m2e.maven.runtime_3.9.900.20250220-2013\jars\maven-embedder-3.9.9.jar
2025-07-02 22:29:46,583 [Worker-19: Launching mavenrun-4d124273-6bf9-401f-a58c-1543e09f9c7c] INFO  o.eclipse.m2e.core.internal.Bundles - 	Entry: C:\Users\teshahan\.p2\pool\plugins\org.eclipse.m2e.maven.runtime_3.9.900.20250220-2013\jars\maven-model-3.9.9.jar
2025-07-02 22:29:46,583 [Worker-19: Launching mavenrun-4d124273-6bf9-401f-a58c-1543e09f9c7c] INFO  o.eclipse.m2e.core.internal.Bundles - 	Entry: C:\Users\teshahan\.p2\pool\plugins\org.eclipse.m2e.maven.runtime_3.9.900.20250220-2013\jars\maven-model-builder-3.9.9.jar
2025-07-02 22:29:46,584 [Worker-19: Launching mavenrun-4d124273-6bf9-401f-a58c-1543e09f9c7c] INFO  o.eclipse.m2e.core.internal.Bundles - 	Entry: C:\Users\teshahan\.p2\pool\plugins\org.eclipse.m2e.maven.runtime_3.9.900.20250220-2013\jars\maven-plugin-api-3.9.9.jar
2025-07-02 22:29:46,584 [Worker-19: Launching mavenrun-4d124273-6bf9-401f-a58c-1543e09f9c7c] INFO  o.eclipse.m2e.core.internal.Bundles - 	Entry: C:\Users\teshahan\.p2\pool\plugins\org.eclipse.m2e.maven.runtime_3.9.900.20250220-2013\jars\maven-repository-metadata-3.9.9.jar
2025-07-02 22:29:46,584 [Worker-19: Launching mavenrun-4d124273-6bf9-401f-a58c-1543e09f9c7c] INFO  o.eclipse.m2e.core.internal.Bundles - 	Entry: C:\Users\teshahan\.p2\pool\plugins\org.eclipse.m2e.maven.runtime_3.9.900.20250220-2013\jars\maven-resolver-api-1.9.22.jar
2025-07-02 22:29:46,584 [Worker-19: Launching mavenrun-4d124273-6bf9-401f-a58c-1543e09f9c7c] INFO  o.eclipse.m2e.core.internal.Bundles - 	Entry: C:\Users\teshahan\.p2\pool\plugins\org.eclipse.m2e.maven.runtime_3.9.900.20250220-2013\jars\maven-resolver-connector-basic-1.9.22.jar
2025-07-02 22:29:46,585 [Worker-19: Launching mavenrun-4d124273-6bf9-401f-a58c-1543e09f9c7c] INFO  o.eclipse.m2e.core.internal.Bundles - 	Entry: C:\Users\teshahan\.p2\pool\plugins\org.eclipse.m2e.maven.runtime_3.9.900.20250220-2013\jars\maven-resolver-impl-1.9.22.jar
2025-07-02 22:29:46,585 [Worker-19: Launching mavenrun-4d124273-6bf9-401f-a58c-1543e09f9c7c] INFO  o.eclipse.m2e.core.internal.Bundles - 	Entry: C:\Users\teshahan\.p2\pool\plugins\org.eclipse.m2e.maven.runtime_3.9.900.20250220-2013\jars\maven-resolver-named-locks-1.9.22.jar
2025-07-02 22:29:46,585 [Worker-19: Launching mavenrun-4d124273-6bf9-401f-a58c-1543e09f9c7c] INFO  o.eclipse.m2e.core.internal.Bundles - 	Entry: C:\Users\teshahan\.p2\pool\plugins\org.eclipse.m2e.maven.runtime_3.9.900.20250220-2013\jars\maven-resolver-provider-3.9.9.jar
2025-07-02 22:29:46,585 [Worker-19: Launching mavenrun-4d124273-6bf9-401f-a58c-1543e09f9c7c] INFO  o.eclipse.m2e.core.internal.Bundles - 	Entry: C:\Users\teshahan\.p2\pool\plugins\org.eclipse.m2e.maven.runtime_3.9.900.20250220-2013\jars\maven-resolver-spi-1.9.22.jar
2025-07-02 22:29:46,586 [Worker-19: Launching mavenrun-4d124273-6bf9-401f-a58c-1543e09f9c7c] INFO  o.eclipse.m2e.core.internal.Bundles - 	Entry: C:\Users\teshahan\.p2\pool\plugins\org.eclipse.m2e.maven.runtime_3.9.900.20250220-2013\jars\maven-resolver-transport-file-1.9.22.jar
2025-07-02 22:29:46,586 [Worker-19: Launching mavenrun-4d124273-6bf9-401f-a58c-1543e09f9c7c] INFO  o.eclipse.m2e.core.internal.Bundles - 	Entry: C:\Users\teshahan\.p2\pool\plugins\org.eclipse.m2e.maven.runtime_3.9.900.20250220-2013\jars\maven-resolver-transport-http-1.9.22.jar
2025-07-02 22:29:46,586 [Worker-19: Launching mavenrun-4d124273-6bf9-401f-a58c-1543e09f9c7c] INFO  o.eclipse.m2e.core.internal.Bundles - 	Entry: C:\Users\teshahan\.p2\pool\plugins\org.eclipse.m2e.maven.runtime_3.9.900.20250220-2013\jars\maven-resolver-transport-wagon-1.9.22.jar
2025-07-02 22:29:46,586 [Worker-19: Launching mavenrun-4d124273-6bf9-401f-a58c-1543e09f9c7c] INFO  o.eclipse.m2e.core.internal.Bundles - 	Entry: C:\Users\teshahan\.p2\pool\plugins\org.eclipse.m2e.maven.runtime_3.9.900.20250220-2013\jars\maven-resolver-util-1.9.22.jar
2025-07-02 22:29:46,586 [Worker-19: Launching mavenrun-4d124273-6bf9-401f-a58c-1543e09f9c7c] INFO  o.eclipse.m2e.core.internal.Bundles - 	Entry: C:\Users\teshahan\.p2\pool\plugins\org.eclipse.m2e.maven.runtime_3.9.900.20250220-2013\jars\maven-settings-3.9.9.jar
2025-07-02 22:29:46,587 [Worker-19: Launching mavenrun-4d124273-6bf9-401f-a58c-1543e09f9c7c] INFO  o.eclipse.m2e.core.internal.Bundles - 	Entry: C:\Users\teshahan\.p2\pool\plugins\org.eclipse.m2e.maven.runtime_3.9.900.20250220-2013\jars\maven-settings-builder-3.9.9.jar
2025-07-02 22:29:46,587 [Worker-19: Launching mavenrun-4d124273-6bf9-401f-a58c-1543e09f9c7c] INFO  o.eclipse.m2e.core.internal.Bundles - 	Entry: C:\Users\teshahan\.p2\pool\plugins\org.eclipse.m2e.maven.runtime_3.9.900.20250220-2013\jars\maven-shared-utils-3.4.2.jar
2025-07-02 22:29:46,587 [Worker-19: Launching mavenrun-4d124273-6bf9-401f-a58c-1543e09f9c7c] INFO  o.eclipse.m2e.core.internal.Bundles - 	Entry: C:\Users\teshahan\.p2\pool\plugins\org.eclipse.m2e.maven.runtime_3.9.900.20250220-2013\jars\org.eclipse.sisu.inject-0.9.0.M3.jar
2025-07-02 22:29:46,588 [Worker-19: Launching mavenrun-4d124273-6bf9-401f-a58c-1543e09f9c7c] INFO  o.eclipse.m2e.core.internal.Bundles - 	Entry: C:\Users\teshahan\.p2\pool\plugins\org.eclipse.m2e.maven.runtime_3.9.900.20250220-2013\jars\org.eclipse.sisu.plexus-0.9.0.M3.jar
2025-07-02 22:29:46,588 [Worker-19: Launching mavenrun-4d124273-6bf9-401f-a58c-1543e09f9c7c] INFO  o.eclipse.m2e.core.internal.Bundles - 	Entry: C:\Users\teshahan\.p2\pool\plugins\org.eclipse.m2e.maven.runtime_3.9.900.20250220-2013\jars\plexus-build-api-0.0.7.jar
2025-07-02 22:29:46,589 [Worker-19: Launching mavenrun-4d124273-6bf9-401f-a58c-1543e09f9c7c] INFO  o.eclipse.m2e.core.internal.Bundles - 	Entry: C:\Users\teshahan\.p2\pool\plugins\org.eclipse.m2e.maven.runtime_3.9.900.20250220-2013\jars\plexus-build-api-1.2.0.jar
2025-07-02 22:29:46,589 [Worker-19: Launching mavenrun-4d124273-6bf9-401f-a58c-1543e09f9c7c] INFO  o.eclipse.m2e.core.internal.Bundles - 	Entry: C:\Users\teshahan\.p2\pool\plugins\org.eclipse.m2e.maven.runtime_3.9.900.20250220-2013\jars\plexus-cipher-2.0.jar
2025-07-02 22:29:46,589 [Worker-19: Launching mavenrun-4d124273-6bf9-401f-a58c-1543e09f9c7c] INFO  o.eclipse.m2e.core.internal.Bundles - 	Entry: C:\Users\teshahan\.p2\pool\plugins\org.eclipse.m2e.maven.runtime_3.9.900.20250220-2013\jars\plexus-classworlds-2.8.0.jar
2025-07-02 22:29:46,590 [Worker-19: Launching mavenrun-4d124273-6bf9-401f-a58c-1543e09f9c7c] INFO  o.eclipse.m2e.core.internal.Bundles - 	Entry: C:\Users\teshahan\.p2\pool\plugins\org.eclipse.m2e.maven.runtime_3.9.900.20250220-2013\jars\plexus-component-annotations-2.1.0.jar
2025-07-02 22:29:46,590 [Worker-19: Launching mavenrun-4d124273-6bf9-401f-a58c-1543e09f9c7c] INFO  o.eclipse.m2e.core.internal.Bundles - 	Entry: C:\Users\teshahan\.p2\pool\plugins\org.eclipse.m2e.maven.runtime_3.9.900.20250220-2013\jars\plexus-interpolation-1.27.jar
2025-07-02 22:29:46,590 [Worker-19: Launching mavenrun-4d124273-6bf9-401f-a58c-1543e09f9c7c] INFO  o.eclipse.m2e.core.internal.Bundles - 	Entry: C:\Users\teshahan\.p2\pool\plugins\org.eclipse.m2e.maven.runtime_3.9.900.20250220-2013\jars\plexus-sec-dispatcher-2.0.jar
2025-07-02 22:29:46,591 [Worker-19: Launching mavenrun-4d124273-6bf9-401f-a58c-1543e09f9c7c] INFO  o.eclipse.m2e.core.internal.Bundles - 	Entry: C:\Users\teshahan\.p2\pool\plugins\org.eclipse.m2e.maven.runtime_3.9.900.20250220-2013\jars\plexus-utils-3.5.1.jar
2025-07-02 22:29:46,591 [Worker-19: Launching mavenrun-4d124273-6bf9-401f-a58c-1543e09f9c7c] INFO  o.eclipse.m2e.core.internal.Bundles - 	Entry: C:\Users\teshahan\.p2\pool\plugins\org.eclipse.m2e.maven.runtime_3.9.900.20250220-2013\jars\plexus-xml-3.0.1.jar
2025-07-02 22:29:46,591 [Worker-19: Launching mavenrun-4d124273-6bf9-401f-a58c-1543e09f9c7c] INFO  o.eclipse.m2e.core.internal.Bundles - 	Entry: C:\Users\teshahan\.p2\pool\plugins\org.eclipse.m2e.maven.runtime_3.9.900.20250220-2013\jars\wagon-file-3.5.3.jar
2025-07-02 22:29:46,592 [Worker-19: Launching mavenrun-4d124273-6bf9-401f-a58c-1543e09f9c7c] INFO  o.eclipse.m2e.core.internal.Bundles - 	Entry: C:\Users\teshahan\.p2\pool\plugins\org.eclipse.m2e.maven.runtime_3.9.900.20250220-2013\jars\wagon-http-3.5.3.jar
2025-07-02 22:29:46,592 [Worker-19: Launching mavenrun-4d124273-6bf9-401f-a58c-1543e09f9c7c] INFO  o.eclipse.m2e.core.internal.Bundles - 	Entry: C:\Users\teshahan\.p2\pool\plugins\org.eclipse.m2e.maven.runtime_3.9.900.20250220-2013\jars\wagon-http-shared-3.5.3.jar
2025-07-02 22:29:46,592 [Worker-19: Launching mavenrun-4d124273-6bf9-401f-a58c-1543e09f9c7c] INFO  o.eclipse.m2e.core.internal.Bundles - 	Entry: C:\Users\teshahan\.p2\pool\plugins\org.eclipse.m2e.maven.runtime_3.9.900.20250220-2013\jars\wagon-provider-api-3.5.3.jar
2025-07-02 22:29:46,594 [Worker-19: Launching mavenrun-4d124273-6bf9-401f-a58c-1543e09f9c7c] INFO  o.eclipse.m2e.core.internal.Bundles - getClasspathEntries(Bundle=com.google.guava_33.4.8.jre [13])
2025-07-02 22:29:46,596 [Worker-19: Launching mavenrun-4d124273-6bf9-401f-a58c-1543e09f9c7c] INFO  o.eclipse.m2e.core.internal.Bundles - 	Entry: C:\Users\teshahan\.p2\pool\plugins\com.google.guava_33.4.8.jre.jar
2025-07-02 22:29:46,597 [Worker-19: Launching mavenrun-4d124273-6bf9-401f-a58c-1543e09f9c7c] INFO  o.eclipse.m2e.core.internal.Bundles - getClasspathEntries(Bundle=slf4j.api_2.0.17 [522])
2025-07-02 22:29:46,597 [Worker-19: Launching mavenrun-4d124273-6bf9-401f-a58c-1543e09f9c7c] INFO  o.eclipse.m2e.core.internal.Bundles - 	Entry: C:\Users\teshahan\.p2\pool\plugins\slf4j.api_2.0.17.jar
2025-07-02 22:29:46,598 [Worker-19: Launching mavenrun-4d124273-6bf9-401f-a58c-1543e09f9c7c] INFO  o.eclipse.m2e.core.internal.Bundles - getClasspathEntries(Bundle=jakarta.inject.jakarta.inject-api_1.0.5 [24])
2025-07-02 22:29:46,598 [Worker-19: Launching mavenrun-4d124273-6bf9-401f-a58c-1543e09f9c7c] INFO  o.eclipse.m2e.core.internal.Bundles - 	Entry: C:\Users\teshahan\.p2\pool\plugins\jakarta.inject.jakarta.inject-api_1.0.5.jar
2025-07-02 22:29:46,598 [Worker-19: Launching mavenrun-4d124273-6bf9-401f-a58c-1543e09f9c7c] INFO  o.eclipse.m2e.core.internal.Bundles - getClasspathEntries(Bundle=javax.annotation_1.3.5.v20200909-1856 [27])
2025-07-02 22:29:46,599 [Worker-19: Launching mavenrun-4d124273-6bf9-401f-a58c-1543e09f9c7c] INFO  o.eclipse.m2e.core.internal.Bundles - 	Entry: C:\Users\teshahan\.p2\pool\plugins\javax.annotation_1.3.5.v20200909-1856.jar
2025-07-02 22:29:46,599 [Worker-19: Launching mavenrun-4d124273-6bf9-401f-a58c-1543e09f9c7c] INFO  o.eclipse.m2e.core.internal.Bundles - getClasspathEntries(Bundle=org.apache.commons.cli_1.9.0 [49])
2025-07-02 22:29:46,600 [Worker-19: Launching mavenrun-4d124273-6bf9-401f-a58c-1543e09f9c7c] INFO  o.eclipse.m2e.core.internal.Bundles - 	Entry: C:\Users\teshahan\.p2\pool\plugins\org.apache.commons.cli_1.9.0.jar
2025-07-02 22:29:46,600 [Worker-19: Launching mavenrun-4d124273-6bf9-401f-a58c-1543e09f9c7c] INFO  o.eclipse.m2e.core.internal.Bundles - getClasspathEntries(Bundle=org.apache.commons.commons-codec_1.16.0 [50])
2025-07-02 22:29:46,601 [Worker-19: Launching mavenrun-4d124273-6bf9-401f-a58c-1543e09f9c7c] INFO  o.eclipse.m2e.core.internal.Bundles - 	Entry: C:\Users\teshahan\.p2\pool\plugins\org.apache.commons.commons-codec_1.16.0.jar
2025-07-02 22:29:46,601 [Worker-19: Launching mavenrun-4d124273-6bf9-401f-a58c-1543e09f9c7c] INFO  o.eclipse.m2e.core.internal.Bundles - getClasspathEntries(Bundle=com.google.guava.failureaccess_1.0.3 [14])
2025-07-02 22:29:46,601 [Worker-19: Launching mavenrun-4d124273-6bf9-401f-a58c-1543e09f9c7c] INFO  o.eclipse.m2e.core.internal.Bundles - 	Entry: C:\Users\teshahan\.p2\pool\plugins\com.google.guava.failureaccess_1.0.3.jar
2025-07-02 22:29:46,609 [Worker-19: Launching mavenrun-4d124273-6bf9-401f-a58c-1543e09f9c7c] INFO  o.e.m.i.launch.MavenLaunchDelegate - Run build in "C:\Users\teshahan\AppData\Local\Temp\m2e-archetypeGenerator11196055202193563469":
2025-07-02 22:29:46,614 [Worker-19: Launching mavenrun-4d124273-6bf9-401f-a58c-1543e09f9c7c] INFO  o.e.m.i.launch.MavenLaunchDelegate -  mvn  -DjavaCompilerVersion=17 -DjunitVersion=5.11.0 -DarchetypeGroupId=org.apache.maven.archetypes -DarchetypeArtifactId=maven-archetype-quickstart -DarchetypeVersion=1.5 -DgroupId=com.MagicBricks -DartifactId=HomeLoans -Dversion=0.0.1-SNAPSHOT -Dpackage=com.MagicBricks.HomeLoans -DoutputDirectory=C:\Users\teshahan\OneDrive\Eclipse1 -Dstyle.color=always -U archetype:generate
2025-07-02 22:30:01,631 [Worker-4: Creating maven-archetype-quickstart] INFO  o.e.m.c.i.p.ProjectConfigurationManager - Collecting project info '/pom.xml' C:\Users\teshahan\OneDrive\Eclipse1\HomeLoans\pom.xml
2025-07-02 22:30:02,666 [Worker-4: Creating maven-archetype-quickstart] INFO  o.e.m.c.i.l.LifecycleMappingFactory - Using org.eclipse.m2e.jdt.JarLifecycleMapping lifecycle mapping for MavenProject: com.MagicBricks:HomeLoans:0.0.1-SNAPSHOT @ C:\Users\teshahan\OneDrive\Eclipse1\HomeLoans\pom.xml.
2025-07-02 22:30:03,519 [Worker-4: Creating maven-archetype-quickstart] INFO  o.e.m.j.i.AbstractJavaProjectConfigurator - Adding source folder /HomeLoans/src/main/java
2025-07-02 22:30:03,521 [Worker-4: Creating maven-archetype-quickstart] INFO  o.e.m.j.i.AbstractJavaProjectConfigurator - Adding resource folder /HomeLoans/src/main/resources
2025-07-02 22:30:03,529 [Worker-4: Creating maven-archetype-quickstart] INFO  o.e.m.j.i.AbstractJavaProjectConfigurator - Adding source folder /HomeLoans/src/test/java
2025-07-02 22:30:03,531 [Worker-4: Creating maven-archetype-quickstart] INFO  o.e.m.j.i.AbstractJavaProjectConfigurator - Adding resource folder /HomeLoans/src/test/resources
2025-07-02 22:30:04,335 [Worker-4: Creating maven-archetype-quickstart] INFO  o.e.m.c.i.p.ProjectConfigurationManager - Imported and configured 1 project(s) in 2 sec
2025-07-02 22:30:05,415 [Worker-19: Building] INFO  o.a.m.s.f.DefaultMavenResourcesFiltering - skip non existing resourceDirectory C:\Users\teshahan\OneDrive\Eclipse1\HomeLoans\src\main\resources
2025-07-02 22:30:05,423 [Worker-19: Building] INFO  o.a.m.s.f.DefaultMavenResourcesFiltering - skip non existing resourceDirectory C:\Users\teshahan\OneDrive\Eclipse1\HomeLoans\src\test\resources
2025-07-02 22:32:54,154 [Worker-7: Building] INFO  o.e.m.c.i.l.LifecycleMappingFactory - Using org.eclipse.m2e.jdt.JarLifecycleMapping lifecycle mapping for MavenProject: com.MagicBricks:HomeLoans:0.0.1-SNAPSHOT @ C:\Users\teshahan\OneDrive\Eclipse1\HomeLoans\pom.xml.
2025-07-02 22:32:56,628 [Worker-7: Building] INFO  o.a.m.s.f.DefaultMavenResourcesFiltering - skip non existing resourceDirectory C:\Users\teshahan\OneDrive\Eclipse1\HomeLoans\src\main\resources
2025-07-02 22:32:56,635 [Worker-7: Building] INFO  o.a.m.s.f.DefaultMavenResourcesFiltering - skip non existing resourceDirectory C:\Users\teshahan\OneDrive\Eclipse1\HomeLoans\src\test\resources
2025-07-02 22:32:58,210 [Worker-6: Building] INFO  o.a.m.s.f.DefaultMavenResourcesFiltering - skip non existing resourceDirectory C:\Users\teshahan\OneDrive\Eclipse1\HomeLoans\src\main\resources
2025-07-02 22:32:58,214 [Worker-6: Building] INFO  o.a.m.s.f.DefaultMavenResourcesFiltering - skip non existing resourceDirectory C:\Users\teshahan\OneDrive\Eclipse1\HomeLoans\src\test\resources
2025-07-02 22:35:49,746 [Worker-10: Building] INFO  o.a.m.s.f.DefaultMavenResourcesFiltering - skip non existing resourceDirectory C:\Users\teshahan\OneDrive\Eclipse1\HomeLoans\src\main\resources
2025-07-02 22:35:49,751 [Worker-10: Building] INFO  o.a.m.s.f.DefaultMavenResourcesFiltering - skip non existing resourceDirectory C:\Users\teshahan\OneDrive\Eclipse1\HomeLoans\src\test\resources
2025-07-02 22:38:40,149 [Worker-19: Building] INFO  o.a.m.s.f.DefaultMavenResourcesFiltering - skip non existing resourceDirectory C:\Users\teshahan\OneDrive\Eclipse1\HomeLoans\src\main\resources
2025-07-02 22:38:40,156 [Worker-19: Building] INFO  o.a.m.s.f.DefaultMavenResourcesFiltering - skip non existing resourceDirectory C:\Users\teshahan\OneDrive\Eclipse1\HomeLoans\src\test\resources
2025-07-02 22:38:47,707 [Worker-19: Building] INFO  o.a.m.s.f.DefaultMavenResourcesFiltering - skip non existing resourceDirectory C:\Users\teshahan\OneDrive\Eclipse1\HomeLoans\src\main\resources
2025-07-02 22:38:47,712 [Worker-19: Building] INFO  o.a.m.s.f.DefaultMavenResourcesFiltering - skip non existing resourceDirectory C:\Users\teshahan\OneDrive\Eclipse1\HomeLoans\src\test\resources
2025-07-02 22:38:53,187 [Worker-7: Building] INFO  o.a.m.s.f.DefaultMavenResourcesFiltering - skip non existing resourceDirectory C:\Users\teshahan\OneDrive\Eclipse1\HomeLoans\src\main\resources
2025-07-02 22:38:53,192 [Worker-7: Building] INFO  o.a.m.s.f.DefaultMavenResourcesFiltering - skip non existing resourceDirectory C:\Users\teshahan\OneDrive\Eclipse1\HomeLoans\src\test\resources
2025-07-02 22:39:00,312 [Worker-10: Building] INFO  o.a.m.s.f.DefaultMavenResourcesFiltering - skip non existing resourceDirectory C:\Users\teshahan\OneDrive\Eclipse1\HomeLoans\src\main\resources
2025-07-02 22:39:00,315 [Worker-10: Building] INFO  o.a.m.s.f.DefaultMavenResourcesFiltering - skip non existing resourceDirectory C:\Users\teshahan\OneDrive\Eclipse1\HomeLoans\src\test\resources
2025-07-02 22:39:08,674 [Worker-7: Building] INFO  o.a.m.s.f.DefaultMavenResourcesFiltering - skip non existing resourceDirectory C:\Users\teshahan\OneDrive\Eclipse1\HomeLoans\src\main\resources
2025-07-02 22:39:08,679 [Worker-7: Building] INFO  o.a.m.s.f.DefaultMavenResourcesFiltering - skip non existing resourceDirectory C:\Users\teshahan\OneDrive\Eclipse1\HomeLoans\src\test\resources
2025-07-02 22:39:50,212 [Worker-7: Building] INFO  o.a.m.s.f.DefaultMavenResourcesFiltering - skip non existing resourceDirectory C:\Users\teshahan\OneDrive\Eclipse1\HomeLoans\src\main\resources
2025-07-02 22:39:50,215 [Worker-7: Building] INFO  o.a.m.s.f.DefaultMavenResourcesFiltering - skip non existing resourceDirectory C:\Users\teshahan\OneDrive\Eclipse1\HomeLoans\src\test\resources
2025-07-02 22:40:27,465 [Worker-10: Building] INFO  o.a.m.s.f.DefaultMavenResourcesFiltering - skip non existing resourceDirectory C:\Users\teshahan\OneDrive\Eclipse1\HomeLoans\src\main\resources
2025-07-02 22:40:27,467 [Worker-10: Building] INFO  o.a.m.s.f.DefaultMavenResourcesFiltering - skip non existing resourceDirectory C:\Users\teshahan\OneDrive\Eclipse1\HomeLoans\src\test\resources
2025-07-02 22:40:58,138 [Worker-3: Building] INFO  o.a.m.s.f.DefaultMavenResourcesFiltering - skip non existing resourceDirectory C:\Users\teshahan\OneDrive\Eclipse1\HomeLoans\src\main\resources
2025-07-02 22:40:58,142 [Worker-3: Building] INFO  o.a.m.s.f.DefaultMavenResourcesFiltering - skip non existing resourceDirectory C:\Users\teshahan\OneDrive\Eclipse1\HomeLoans\src\test\resources
2025-07-02 22:43:20,092 [Worker-7: Building] INFO  o.a.m.s.f.DefaultMavenResourcesFiltering - skip non existing resourceDirectory C:\Users\teshahan\OneDrive\Eclipse1\HomeLoans\src\main\resources
2025-07-02 22:43:20,096 [Worker-7: Building] INFO  o.a.m.s.f.DefaultMavenResourcesFiltering - skip non existing resourceDirectory C:\Users\teshahan\OneDrive\Eclipse1\HomeLoans\src\test\resources
2025-07-02 22:43:41,791 [Worker-3: Building] INFO  o.a.m.s.f.DefaultMavenResourcesFiltering - skip non existing resourceDirectory C:\Users\teshahan\OneDrive\Eclipse1\HomeLoans\src\main\resources
2025-07-02 22:43:41,793 [Worker-3: Building] INFO  o.a.m.s.f.DefaultMavenResourcesFiltering - skip non existing resourceDirectory C:\Users\teshahan\OneDrive\Eclipse1\HomeLoans\src\test\resources
2025-07-02 22:44:04,265 [Worker-19: Building] INFO  o.a.m.s.f.DefaultMavenResourcesFiltering - skip non existing resourceDirectory C:\Users\teshahan\OneDrive\Eclipse1\HomeLoans\src\main\resources
2025-07-02 22:44:04,269 [Worker-19: Building] INFO  o.a.m.s.f.DefaultMavenResourcesFiltering - skip non existing resourceDirectory C:\Users\teshahan\OneDrive\Eclipse1\HomeLoans\src\test\resources
2025-07-02 22:44:42,019 [Worker-3: Building] INFO  o.a.m.s.f.DefaultMavenResourcesFiltering - skip non existing resourceDirectory C:\Users\teshahan\OneDrive\Eclipse1\HomeLoans\src\main\resources
2025-07-02 22:44:42,023 [Worker-3: Building] INFO  o.a.m.s.f.DefaultMavenResourcesFiltering - skip non existing resourceDirectory C:\Users\teshahan\OneDrive\Eclipse1\HomeLoans\src\test\resources
2025-07-02 22:46:22,044 [Worker-3: Building] INFO  o.a.m.s.f.DefaultMavenResourcesFiltering - skip non existing resourceDirectory C:\Users\teshahan\OneDrive\Eclipse1\HomeLoans\src\main\resources
2025-07-02 22:46:22,047 [Worker-3: Building] INFO  o.a.m.s.f.DefaultMavenResourcesFiltering - skip non existing resourceDirectory C:\Users\teshahan\OneDrive\Eclipse1\HomeLoans\src\test\resources
2025-07-02 22:46:32,039 [Worker-19: Building] INFO  o.a.m.s.f.DefaultMavenResourcesFiltering - skip non existing resourceDirectory C:\Users\teshahan\OneDrive\Eclipse1\HomeLoans\src\main\resources
2025-07-02 22:46:32,043 [Worker-19: Building] INFO  o.a.m.s.f.DefaultMavenResourcesFiltering - skip non existing resourceDirectory C:\Users\teshahan\OneDrive\Eclipse1\HomeLoans\src\test\resources
2025-07-02 22:46:34,973 [Worker-10: Building] INFO  o.a.m.s.f.DefaultMavenResourcesFiltering - skip non existing resourceDirectory C:\Users\teshahan\OneDrive\Eclipse1\HomeLoans\src\main\resources
2025-07-02 22:46:34,977 [Worker-10: Building] INFO  o.a.m.s.f.DefaultMavenResourcesFiltering - skip non existing resourceDirectory C:\Users\teshahan\OneDrive\Eclipse1\HomeLoans\src\test\resources
2025-07-02 22:46:44,280 [Worker-4: Building] INFO  o.a.m.s.f.DefaultMavenResourcesFiltering - skip non existing resourceDirectory C:\Users\teshahan\OneDrive\Eclipse1\HomeLoans\src\main\resources
2025-07-02 22:46:44,285 [Worker-4: Building] INFO  o.a.m.s.f.DefaultMavenResourcesFiltering - skip non existing resourceDirectory C:\Users\teshahan\OneDrive\Eclipse1\HomeLoans\src\test\resources
2025-07-02 22:47:44,914 [Worker-7: Building] INFO  o.a.m.s.f.DefaultMavenResourcesFiltering - skip non existing resourceDirectory C:\Users\teshahan\OneDrive\Eclipse1\HomeLoans\src\main\resources
2025-07-02 22:47:44,918 [Worker-7: Building] INFO  o.a.m.s.f.DefaultMavenResourcesFiltering - skip non existing resourceDirectory C:\Users\teshahan\OneDrive\Eclipse1\HomeLoans\src\test\resources
2025-07-02 22:49:02,735 [Worker-7: Building] INFO  o.a.m.s.f.DefaultMavenResourcesFiltering - skip non existing resourceDirectory C:\Users\teshahan\OneDrive\Eclipse1\HomeLoans\src\main\resources
2025-07-02 22:49:02,739 [Worker-7: Building] INFO  o.a.m.s.f.DefaultMavenResourcesFiltering - skip non existing resourceDirectory C:\Users\teshahan\OneDrive\Eclipse1\HomeLoans\src\test\resources
2025-07-02 22:49:10,459 [Worker-4: Building] INFO  o.a.m.s.f.DefaultMavenResourcesFiltering - skip non existing resourceDirectory C:\Users\teshahan\OneDrive\Eclipse1\HomeLoans\src\main\resources
2025-07-02 22:49:10,465 [Worker-4: Building] INFO  o.a.m.s.f.DefaultMavenResourcesFiltering - skip non existing resourceDirectory C:\Users\teshahan\OneDrive\Eclipse1\HomeLoans\src\test\resources
2025-07-02 22:49:14,766 [Worker-7: Building] INFO  o.a.m.s.f.DefaultMavenResourcesFiltering - skip non existing resourceDirectory C:\Users\teshahan\OneDrive\Eclipse1\HomeLoans\src\main\resources
2025-07-02 22:49:14,769 [Worker-7: Building] INFO  o.a.m.s.f.DefaultMavenResourcesFiltering - skip non existing resourceDirectory C:\Users\teshahan\OneDrive\Eclipse1\HomeLoans\src\test\resources
2025-07-02 22:49:18,984 [Worker-4: Building] INFO  o.a.m.s.f.DefaultMavenResourcesFiltering - skip non existing resourceDirectory C:\Users\teshahan\OneDrive\Eclipse1\HomeLoans\src\main\resources
2025-07-02 22:49:18,987 [Worker-4: Building] INFO  o.a.m.s.f.DefaultMavenResourcesFiltering - skip non existing resourceDirectory C:\Users\teshahan\OneDrive\Eclipse1\HomeLoans\src\test\resources
2025-07-02 22:49:24,595 [Worker-7: Building] INFO  o.a.m.s.f.DefaultMavenResourcesFiltering - skip non existing resourceDirectory C:\Users\teshahan\OneDrive\Eclipse1\HomeLoans\src\main\resources
2025-07-02 22:49:24,599 [Worker-7: Building] INFO  o.a.m.s.f.DefaultMavenResourcesFiltering - skip non existing resourceDirectory C:\Users\teshahan\OneDrive\Eclipse1\HomeLoans\src\test\resources
2025-07-02 22:49:29,256 [Worker-10: Building] INFO  o.a.m.s.f.DefaultMavenResourcesFiltering - skip non existing resourceDirectory C:\Users\teshahan\OneDrive\Eclipse1\HomeLoans\src\main\resources
2025-07-02 22:49:29,259 [Worker-10: Building] INFO  o.a.m.s.f.DefaultMavenResourcesFiltering - skip non existing resourceDirectory C:\Users\teshahan\OneDrive\Eclipse1\HomeLoans\src\test\resources
2025-07-02 22:49:40,574 [Worker-10: Building] INFO  o.a.m.s.f.DefaultMavenResourcesFiltering - skip non existing resourceDirectory C:\Users\teshahan\OneDrive\Eclipse1\HomeLoans\src\main\resources
2025-07-02 22:49:40,577 [Worker-10: Building] INFO  o.a.m.s.f.DefaultMavenResourcesFiltering - skip non existing resourceDirectory C:\Users\teshahan\OneDrive\Eclipse1\HomeLoans\src\test\resources
2025-07-02 22:50:12,497 [Worker-7: Building] INFO  o.a.m.s.f.DefaultMavenResourcesFiltering - skip non existing resourceDirectory C:\Users\teshahan\OneDrive\Eclipse1\HomeLoans\src\main\resources
2025-07-02 22:50:12,501 [Worker-7: Building] INFO  o.a.m.s.f.DefaultMavenResourcesFiltering - skip non existing resourceDirectory C:\Users\teshahan\OneDrive\Eclipse1\HomeLoans\src\test\resources
2025-07-03 09:18:25,258 [Worker-36: Building] INFO  o.a.m.s.f.DefaultMavenResourcesFiltering - skip non existing resourceDirectory C:\Users\teshahan\OneDrive\Eclipse1\HomeLoans\src\main\resources
2025-07-03 09:18:25,261 [Worker-36: Building] INFO  o.a.m.s.f.DefaultMavenResourcesFiltering - skip non existing resourceDirectory C:\Users\teshahan\OneDrive\Eclipse1\HomeLoans\src\test\resources
2025-07-03 09:19:13,585 [Worker-37: Building] INFO  o.a.m.s.f.DefaultMavenResourcesFiltering - skip non existing resourceDirectory C:\Users\teshahan\OneDrive\Eclipse1\HomeLoans\src\main\resources
2025-07-03 09:19:13,591 [Worker-37: Building] INFO  o.a.m.s.f.DefaultMavenResourcesFiltering - skip non existing resourceDirectory C:\Users\teshahan\OneDrive\Eclipse1\HomeLoans\src\test\resources
2025-07-03 09:19:40,590 [Worker-40: Building] INFO  o.a.m.s.f.DefaultMavenResourcesFiltering - skip non existing resourceDirectory C:\Users\teshahan\OneDrive\Eclipse1\HomeLoans\src\main\resources
2025-07-03 09:19:40,593 [Worker-40: Building] INFO  o.a.m.s.f.DefaultMavenResourcesFiltering - skip non existing resourceDirectory C:\Users\teshahan\OneDrive\Eclipse1\HomeLoans\src\test\resources
2025-07-03 09:19:50,099 [Worker-36: Building] INFO  o.a.m.s.f.DefaultMavenResourcesFiltering - skip non existing resourceDirectory C:\Users\teshahan\OneDrive\Eclipse1\HomeLoans\src\main\resources
2025-07-03 09:19:50,102 [Worker-36: Building] INFO  o.a.m.s.f.DefaultMavenResourcesFiltering - skip non existing resourceDirectory C:\Users\teshahan\OneDrive\Eclipse1\HomeLoans\src\test\resources
2025-07-03 09:20:01,365 [Worker-40: Building] INFO  o.a.m.s.f.DefaultMavenResourcesFiltering - skip non existing resourceDirectory C:\Users\teshahan\OneDrive\Eclipse1\HomeLoans\src\main\resources
2025-07-03 09:20:01,367 [Worker-40: Building] INFO  o.a.m.s.f.DefaultMavenResourcesFiltering - skip non existing resourceDirectory C:\Users\teshahan\OneDrive\Eclipse1\HomeLoans\src\test\resources
2025-07-03 09:39:42,659 [Worker-42: Building] INFO  o.a.m.s.f.DefaultMavenResourcesFiltering - skip non existing resourceDirectory C:\Users\teshahan\OneDrive\Eclipse1\HomeLoans\src\main\resources
2025-07-03 09:39:42,661 [Worker-42: Building] INFO  o.a.m.s.f.DefaultMavenResourcesFiltering - skip non existing resourceDirectory C:\Users\teshahan\OneDrive\Eclipse1\HomeLoans\src\test\resources
2025-07-03 09:44:20,825 [Worker-36: Building] INFO  o.a.m.s.f.DefaultMavenResourcesFiltering - skip non existing resourceDirectory C:\Users\teshahan\OneDrive\Eclipse1\HomeLoans\src\main\resources
2025-07-03 09:44:20,830 [Worker-36: Building] INFO  o.a.m.s.f.DefaultMavenResourcesFiltering - skip non existing resourceDirectory C:\Users\teshahan\OneDrive\Eclipse1\HomeLoans\src\test\resources
2025-07-03 09:47:22,685 [Worker-45: Building Workspace] INFO  o.a.m.s.f.DefaultMavenResourcesFiltering - skip non existing resourceDirectory C:\Users\teshahan\OneDrive\Eclipse1\HomeLoans\src\main\resources
2025-07-03 09:47:22,689 [Worker-45: Building Workspace] INFO  o.a.m.s.f.DefaultMavenResourcesFiltering - skip non existing resourceDirectory C:\Users\teshahan\OneDrive\Eclipse1\HomeLoans\src\test\resources
2025-07-03 09:47:31,698 [Worker-46: Building] INFO  o.a.m.s.f.DefaultMavenResourcesFiltering - skip non existing resourceDirectory C:\Users\teshahan\OneDrive\Eclipse1\HomeLoans\src\main\resources
2025-07-03 09:47:31,701 [Worker-46: Building] INFO  o.a.m.s.f.DefaultMavenResourcesFiltering - skip non existing resourceDirectory C:\Users\teshahan\OneDrive\Eclipse1\HomeLoans\src\test\resources
2025-07-03 09:55:44,765 [Worker-36: Building] INFO  o.a.m.s.f.DefaultMavenResourcesFiltering - skip non existing resourceDirectory C:\Users\teshahan\OneDrive\Eclipse1\HomeLoans\src\main\resources
2025-07-03 09:55:44,769 [Worker-36: Building] INFO  o.a.m.s.f.DefaultMavenResourcesFiltering - skip non existing resourceDirectory C:\Users\teshahan\OneDrive\Eclipse1\HomeLoans\src\test\resources
2025-07-03 09:55:48,521 [Worker-36: Building] INFO  o.a.m.s.f.DefaultMavenResourcesFiltering - skip non existing resourceDirectory C:\Users\teshahan\OneDrive\Eclipse1\HomeLoans\src\main\resources
2025-07-03 09:55:48,524 [Worker-36: Building] INFO  o.a.m.s.f.DefaultMavenResourcesFiltering - skip non existing resourceDirectory C:\Users\teshahan\OneDrive\Eclipse1\HomeLoans\src\test\resources
2025-07-03 09:57:44,559 [main] INFO  o.e.m.jdt.internal.UnitTestSupport - Updating TestRunnerWithJunit from maven configuration
2025-07-03 10:03:30,906 [Worker-36: Building] INFO  o.a.m.s.f.DefaultMavenResourcesFiltering - skip non existing resourceDirectory C:\Users\teshahan\OneDrive\Eclipse1\HomeLoans\src\main\resources
2025-07-03 10:03:30,909 [Worker-36: Building] INFO  o.a.m.s.f.DefaultMavenResourcesFiltering - skip non existing resourceDirectory C:\Users\teshahan\OneDrive\Eclipse1\HomeLoans\src\test\resources
2025-07-03 10:03:51,340 [Worker-36: Building] INFO  o.a.m.s.f.DefaultMavenResourcesFiltering - skip non existing resourceDirectory C:\Users\teshahan\OneDrive\Eclipse1\HomeLoans\src\main\resources
2025-07-03 10:03:51,342 [Worker-36: Building] INFO  o.a.m.s.f.DefaultMavenResourcesFiltering - skip non existing resourceDirectory C:\Users\teshahan\OneDrive\Eclipse1\HomeLoans\src\test\resources
2025-07-03 10:09:32,367 [Worker-2: Loading available Gradle versions] INFO  o.e.b.c.i.u.g.PublishedGradleVersions - Gradle version information cache is up-to-date. Trying to read.
2025-07-03 10:15:53,552 [Worker-29: Building] INFO  o.a.m.s.f.DefaultMavenResourcesFiltering - skip non existing resourceDirectory C:\Users\teshahan\OneDrive\Eclipse1\HomeLoans\src\main\resources
2025-07-03 10:15:53,563 [Worker-29: Building] INFO  o.a.m.s.f.DefaultMavenResourcesFiltering - skip non existing resourceDirectory C:\Users\teshahan\OneDrive\Eclipse1\HomeLoans\src\test\resources
2025-07-03 10:16:12,975 [Worker-30: Building] INFO  o.a.m.s.f.DefaultMavenResourcesFiltering - skip non existing resourceDirectory C:\Users\teshahan\OneDrive\Eclipse1\HomeLoans\src\main\resources
2025-07-03 10:16:12,981 [Worker-30: Building] INFO  o.a.m.s.f.DefaultMavenResourcesFiltering - skip non existing resourceDirectory C:\Users\teshahan\OneDrive\Eclipse1\HomeLoans\src\test\resources
2025-07-03 10:31:07,899 [Worker-26: Launching TestRunnerWithJunit] INFO  o.a.m.s.f.DefaultMavenResourcesFiltering - skip non existing resourceDirectory C:\Users\teshahan\OneDrive\Eclipse1\HomeLoans\src\main\resources
2025-07-03 10:31:07,908 [Worker-26: Launching TestRunnerWithJunit] INFO  o.a.m.s.f.DefaultMavenResourcesFiltering - skip non existing resourceDirectory C:\Users\teshahan\OneDrive\Eclipse1\HomeLoans\src\test\resources
2025-07-03 10:37:12,217 [Worker-33: Building] INFO  o.a.m.s.f.DefaultMavenResourcesFiltering - skip non existing resourceDirectory C:\Users\teshahan\OneDrive\Eclipse1\HomeLoans\src\main\resources
2025-07-03 10:37:12,222 [Worker-33: Building] INFO  o.a.m.s.f.DefaultMavenResourcesFiltering - skip non existing resourceDirectory C:\Users\teshahan\OneDrive\Eclipse1\HomeLoans\src\test\resources
2025-07-03 10:40:21,640 [Worker-41: Updating Maven Project] INFO  o.e.m.c.i.p.ProjectConfigurationManager - Update started
2025-07-03 10:40:22,602 [Worker-41: Updating Maven Project] INFO  o.e.m.c.i.l.LifecycleMappingFactory - Using org.eclipse.m2e.jdt.JarLifecycleMapping lifecycle mapping for MavenProject: com.MagicBricks:HomeLoans:0.0.1-SNAPSHOT @ C:\Users\teshahan\OneDrive\Eclipse1\HomeLoans\pom.xml.
2025-07-03 10:40:23,962 [Worker-41: Updating Maven Project] INFO  o.e.m.c.i.e.AbstractTransferListenerAdapter - Downloading https://repo.maven.apache.org/maven2/io/cucumber/messages/maven-metadata.xml
2025-07-03 10:40:24,009 [Worker-41: Updating Maven Project] INFO  o.e.m.c.i.e.AbstractTransferListenerAdapter - Downloaded https://repo.maven.apache.org/maven2/io/cucumber/messages/maven-metadata.xml
2025-07-03 10:40:24,326 [Worker-41: Updating Maven Project] INFO  o.e.m.c.i.e.AbstractTransferListenerAdapter - Downloading https://repo.maven.apache.org/maven2/io/cucumber/query/maven-metadata.xml
2025-07-03 10:40:24,339 [Worker-41: Updating Maven Project] INFO  o.e.m.c.i.e.AbstractTransferListenerAdapter - Downloaded https://repo.maven.apache.org/maven2/io/cucumber/query/maven-metadata.xml
2025-07-03 10:40:26,347 [Worker-41: Updating Maven Project] INFO  o.e.m.j.i.AbstractJavaProjectConfigurator - Adding source folder /HomeLoans/src/main/java
2025-07-03 10:40:26,351 [Worker-41: Updating Maven Project] INFO  o.e.m.j.i.AbstractJavaProjectConfigurator - Adding resource folder /HomeLoans/src/main/resources
2025-07-03 10:40:26,352 [Worker-41: Updating Maven Project] INFO  o.e.m.j.i.AbstractJavaProjectConfigurator - Adding source folder /HomeLoans/src/test/java
2025-07-03 10:40:26,355 [Worker-41: Updating Maven Project] INFO  o.e.m.j.i.AbstractJavaProjectConfigurator - Adding resource folder /HomeLoans/src/test/resources
2025-07-03 10:40:26,944 [Worker-41: Updating Maven Project] INFO  o.e.m.jdt.internal.UnitTestSupport - Reset launch configuration name: TestRunnerWithJunit
2025-07-03 10:40:26,945 [Worker-41: Updating Maven Project] INFO  o.e.m.jdt.internal.UnitTestSupport - Updating TestRunnerWithJunit from maven configuration
2025-07-03 10:40:27,455 [Worker-41: Updating Maven Project] INFO  o.e.m.c.i.p.ProjectConfigurationManager - Update completed for 1 poms: local refresh takes 0.00 sec, refresh facades takes 4.00 sec, update config takes 1.00 sec 
2025-07-03 10:40:28,164 [Worker-40: Building] INFO  o.a.m.s.f.DefaultMavenResourcesFiltering - skip non existing resourceDirectory C:\Users\teshahan\OneDrive\Eclipse1\HomeLoans\src\main\resources
2025-07-03 10:40:28,172 [Worker-40: Building] INFO  o.a.m.s.f.DefaultMavenResourcesFiltering - skip non existing resourceDirectory C:\Users\teshahan\OneDrive\Eclipse1\HomeLoans\src\test\resources
2025-07-03 10:50:41,150 [Worker-43: Building] INFO  o.a.m.s.f.DefaultMavenResourcesFiltering - skip non existing resourceDirectory C:\Users\teshahan\OneDrive\Eclipse1\HomeLoans\src\main\resources
2025-07-03 10:50:41,155 [Worker-43: Building] INFO  o.a.m.s.f.DefaultMavenResourcesFiltering - skip non existing resourceDirectory C:\Users\teshahan\OneDrive\Eclipse1\HomeLoans\src\test\resources
2025-07-03 10:51:53,908 [Worker-38: Building] INFO  o.a.m.s.f.DefaultMavenResourcesFiltering - skip non existing resourceDirectory C:\Users\teshahan\OneDrive\Eclipse1\HomeLoans\src\main\resources
2025-07-03 10:51:53,912 [Worker-38: Building] INFO  o.a.m.s.f.DefaultMavenResourcesFiltering - skip non existing resourceDirectory C:\Users\teshahan\OneDrive\Eclipse1\HomeLoans\src\test\resources
2025-07-03 10:54:35,536 [Worker-38: Building] INFO  o.a.m.s.f.DefaultMavenResourcesFiltering - skip non existing resourceDirectory C:\Users\teshahan\OneDrive\Eclipse1\HomeLoans\src\main\resources
2025-07-03 10:54:35,539 [Worker-38: Building] INFO  o.a.m.s.f.DefaultMavenResourcesFiltering - skip non existing resourceDirectory C:\Users\teshahan\OneDrive\Eclipse1\HomeLoans\src\test\resources
2025-07-03 11:09:40,400 [Worker-45: Building] INFO  o.a.m.s.f.DefaultMavenResourcesFiltering - skip non existing resourceDirectory C:\Users\teshahan\OneDrive\Eclipse1\HomeLoans\src\main\resources
2025-07-03 11:09:40,405 [Worker-45: Building] INFO  o.a.m.s.f.DefaultMavenResourcesFiltering - skip non existing resourceDirectory C:\Users\teshahan\OneDrive\Eclipse1\HomeLoans\src\test\resources
2025-07-03 11:16:25,192 [Worker-55: Building] INFO  o.a.m.s.f.DefaultMavenResourcesFiltering - skip non existing resourceDirectory C:\Users\teshahan\OneDrive\Eclipse1\HomeLoans\src\main\resources
2025-07-03 11:16:25,195 [Worker-55: Building] INFO  o.a.m.s.f.DefaultMavenResourcesFiltering - skip non existing resourceDirectory C:\Users\teshahan\OneDrive\Eclipse1\HomeLoans\src\test\resources
2025-07-03 11:16:27,772 [Worker-53: Building] INFO  o.a.m.s.f.DefaultMavenResourcesFiltering - skip non existing resourceDirectory C:\Users\teshahan\OneDrive\Eclipse1\HomeLoans\src\main\resources
2025-07-03 11:16:27,776 [Worker-53: Building] INFO  o.a.m.s.f.DefaultMavenResourcesFiltering - skip non existing resourceDirectory C:\Users\teshahan\OneDrive\Eclipse1\HomeLoans\src\test\resources
2025-07-03 11:25:22,909 [Worker-58: Building] INFO  o.a.m.s.f.DefaultMavenResourcesFiltering - skip non existing resourceDirectory C:\Users\teshahan\OneDrive\Eclipse1\HomeLoans\src\main\resources
2025-07-03 11:25:22,918 [Worker-58: Building] INFO  o.a.m.s.f.DefaultMavenResourcesFiltering - skip non existing resourceDirectory C:\Users\teshahan\OneDrive\Eclipse1\HomeLoans\src\test\resources
2025-07-03 11:34:34,175 [Worker-59: Building] INFO  o.a.m.s.f.DefaultMavenResourcesFiltering - skip non existing resourceDirectory C:\Users\teshahan\OneDrive\Eclipse1\HomeLoans\src\main\resources
2025-07-03 11:34:34,180 [Worker-59: Building] INFO  o.a.m.s.f.DefaultMavenResourcesFiltering - skip non existing resourceDirectory C:\Users\teshahan\OneDrive\Eclipse1\HomeLoans\src\test\resources
2025-07-03 11:34:45,627 [Worker-61: Building] INFO  o.a.m.s.f.DefaultMavenResourcesFiltering - skip non existing resourceDirectory C:\Users\teshahan\OneDrive\Eclipse1\HomeLoans\src\main\resources
2025-07-03 11:34:45,629 [Worker-61: Building] INFO  o.a.m.s.f.DefaultMavenResourcesFiltering - skip non existing resourceDirectory C:\Users\teshahan\OneDrive\Eclipse1\HomeLoans\src\test\resources
2025-07-03 11:34:49,182 [Worker-61: Building] INFO  o.a.m.s.f.DefaultMavenResourcesFiltering - skip non existing resourceDirectory C:\Users\teshahan\OneDrive\Eclipse1\HomeLoans\src\main\resources
2025-07-03 11:34:49,185 [Worker-61: Building] INFO  o.a.m.s.f.DefaultMavenResourcesFiltering - skip non existing resourceDirectory C:\Users\teshahan\OneDrive\Eclipse1\HomeLoans\src\test\resources
2025-07-03 11:35:30,826 [Worker-61: Building] INFO  o.a.m.s.f.DefaultMavenResourcesFiltering - skip non existing resourceDirectory C:\Users\teshahan\OneDrive\Eclipse1\HomeLoans\src\main\resources
2025-07-03 11:35:30,831 [Worker-61: Building] INFO  o.a.m.s.f.DefaultMavenResourcesFiltering - skip non existing resourceDirectory C:\Users\teshahan\OneDrive\Eclipse1\HomeLoans\src\test\resources
2025-07-03 12:43:47,206 [Worker-73: Building] INFO  o.a.m.s.f.DefaultMavenResourcesFiltering - skip non existing resourceDirectory C:\Users\teshahan\OneDrive\Eclipse1\HomeLoans\src\main\resources
2025-07-03 12:43:47,211 [Worker-73: Building] INFO  o.a.m.s.f.DefaultMavenResourcesFiltering - skip non existing resourceDirectory C:\Users\teshahan\OneDrive\Eclipse1\HomeLoans\src\test\resources
2025-07-03 12:46:33,258 [Worker-73: Building] INFO  o.a.m.s.f.DefaultMavenResourcesFiltering - skip non existing resourceDirectory C:\Users\teshahan\OneDrive\Eclipse1\HomeLoans\src\main\resources
2025-07-03 12:46:33,270 [Worker-73: Building] INFO  o.a.m.s.f.DefaultMavenResourcesFiltering - skip non existing resourceDirectory C:\Users\teshahan\OneDrive\Eclipse1\HomeLoans\src\test\resources
2025-07-03 12:47:46,400 [Worker-82: Building] INFO  o.a.m.s.f.DefaultMavenResourcesFiltering - skip non existing resourceDirectory C:\Users\teshahan\OneDrive\Eclipse1\HomeLoans\src\main\resources
2025-07-03 12:47:46,412 [Worker-82: Building] INFO  o.a.m.s.f.DefaultMavenResourcesFiltering - skip non existing resourceDirectory C:\Users\teshahan\OneDrive\Eclipse1\HomeLoans\src\test\resources
2025-07-03 12:51:11,171 [Worker-84: Building] INFO  o.a.m.s.f.DefaultMavenResourcesFiltering - skip non existing resourceDirectory C:\Users\teshahan\OneDrive\Eclipse1\HomeLoans\src\main\resources
2025-07-03 12:51:11,174 [Worker-84: Building] INFO  o.a.m.s.f.DefaultMavenResourcesFiltering - skip non existing resourceDirectory C:\Users\teshahan\OneDrive\Eclipse1\HomeLoans\src\test\resources
2025-07-03 12:55:33,872 [Worker-78: Building] INFO  o.a.m.s.f.DefaultMavenResourcesFiltering - skip non existing resourceDirectory C:\Users\teshahan\OneDrive\Eclipse1\HomeLoans\src\main\resources
2025-07-03 12:55:33,880 [Worker-78: Building] INFO  o.a.m.s.f.DefaultMavenResourcesFiltering - skip non existing resourceDirectory C:\Users\teshahan\OneDrive\Eclipse1\HomeLoans\src\test\resources
2025-07-03 12:59:35,515 [Worker-89: Launching TestRunnerWithJunit] INFO  o.a.m.s.f.DefaultMavenResourcesFiltering - skip non existing resourceDirectory C:\Users\teshahan\OneDrive\Eclipse1\HomeLoans\src\main\resources
2025-07-03 12:59:35,518 [Worker-89: Launching TestRunnerWithJunit] INFO  o.a.m.s.f.DefaultMavenResourcesFiltering - skip non existing resourceDirectory C:\Users\teshahan\OneDrive\Eclipse1\HomeLoans\src\test\resources
2025-07-03 14:34:52,757 [Worker-95: Building] INFO  o.a.m.s.f.DefaultMavenResourcesFiltering - skip non existing resourceDirectory C:\Users\teshahan\OneDrive\Eclipse1\HomeLoans\src\main\resources
2025-07-03 14:34:52,762 [Worker-95: Building] INFO  o.a.m.s.f.DefaultMavenResourcesFiltering - skip non existing resourceDirectory C:\Users\teshahan\OneDrive\Eclipse1\HomeLoans\src\test\resources
2025-07-03 14:35:11,409 [Worker-102: Building] INFO  o.a.m.s.f.DefaultMavenResourcesFiltering - skip non existing resourceDirectory C:\Users\teshahan\OneDrive\Eclipse1\HomeLoans\src\main\resources
2025-07-03 14:35:11,412 [Worker-102: Building] INFO  o.a.m.s.f.DefaultMavenResourcesFiltering - skip non existing resourceDirectory C:\Users\teshahan\OneDrive\Eclipse1\HomeLoans\src\test\resources
2025-07-03 14:36:25,254 [Worker-104: Building] INFO  o.a.m.s.f.DefaultMavenResourcesFiltering - skip non existing resourceDirectory C:\Users\teshahan\OneDrive\Eclipse1\HomeLoans\src\main\resources
2025-07-03 14:36:25,265 [Worker-104: Building] INFO  o.a.m.s.f.DefaultMavenResourcesFiltering - skip non existing resourceDirectory C:\Users\teshahan\OneDrive\Eclipse1\HomeLoans\src\test\resources
2025-07-03 14:44:33,091 [Worker-107: Building] INFO  o.a.m.s.f.DefaultMavenResourcesFiltering - skip non existing resourceDirectory C:\Users\teshahan\OneDrive\Eclipse1\HomeLoans\src\main\resources
2025-07-03 14:44:33,098 [Worker-107: Building] INFO  o.a.m.s.f.DefaultMavenResourcesFiltering - skip non existing resourceDirectory C:\Users\teshahan\OneDrive\Eclipse1\HomeLoans\src\test\resources
2025-07-03 15:02:51,807 [Worker-118: Launching HomeLoans.feature] INFO  o.a.m.s.f.DefaultMavenResourcesFiltering - skip non existing resourceDirectory C:\Users\teshahan\OneDrive\Eclipse1\HomeLoans\src\main\resources
2025-07-03 15:02:51,812 [Worker-118: Launching HomeLoans.feature] INFO  o.a.m.s.f.DefaultMavenResourcesFiltering - skip non existing resourceDirectory C:\Users\teshahan\OneDrive\Eclipse1\HomeLoans\src\test\resources
2025-07-03 15:12:08,694 [Worker-123: Building] INFO  o.a.m.s.f.DefaultMavenResourcesFiltering - skip non existing resourceDirectory C:\Users\teshahan\OneDrive\Eclipse1\HomeLoans\src\main\resources
2025-07-03 15:12:08,696 [Worker-123: Building] INFO  o.a.m.s.f.DefaultMavenResourcesFiltering - skip non existing resourceDirectory C:\Users\teshahan\OneDrive\Eclipse1\HomeLoans\src\test\resources
2025-07-03 15:15:08,081 [Worker-124: Building] INFO  o.a.m.s.f.DefaultMavenResourcesFiltering - skip non existing resourceDirectory C:\Users\teshahan\OneDrive\Eclipse1\HomeLoans\src\main\resources
2025-07-03 15:15:08,084 [Worker-124: Building] INFO  o.a.m.s.f.DefaultMavenResourcesFiltering - skip non existing resourceDirectory C:\Users\teshahan\OneDrive\Eclipse1\HomeLoans\src\test\resources
2025-07-03 15:26:54,419 [Worker-128: Building] INFO  o.a.m.s.f.DefaultMavenResourcesFiltering - skip non existing resourceDirectory C:\Users\teshahan\OneDrive\Eclipse1\HomeLoans\src\main\resources
2025-07-03 15:26:54,422 [Worker-128: Building] INFO  o.a.m.s.f.DefaultMavenResourcesFiltering - skip non existing resourceDirectory C:\Users\teshahan\OneDrive\Eclipse1\HomeLoans\src\test\resources
2025-07-03 15:32:14,049 [Worker-123: Launching TestRunnerWithJunit] INFO  o.a.m.s.f.DefaultMavenResourcesFiltering - skip non existing resourceDirectory C:\Users\teshahan\OneDrive\Eclipse1\HomeLoans\src\main\resources
2025-07-03 15:32:14,053 [Worker-123: Launching TestRunnerWithJunit] INFO  o.a.m.s.f.DefaultMavenResourcesFiltering - skip non existing resourceDirectory C:\Users\teshahan\OneDrive\Eclipse1\HomeLoans\src\test\resources
2025-07-03 16:21:46,954 [Worker-150: Building] INFO  o.a.m.s.f.DefaultMavenResourcesFiltering - skip non existing resourceDirectory C:\Users\teshahan\OneDrive\Eclipse1\HomeLoans\src\main\resources
2025-07-03 16:21:46,958 [Worker-150: Building] INFO  o.a.m.s.f.DefaultMavenResourcesFiltering - skip non existing resourceDirectory C:\Users\teshahan\OneDrive\Eclipse1\HomeLoans\src\test\resources
2025-07-03 16:24:05,962 [Worker-150: Building] INFO  o.a.m.s.f.DefaultMavenResourcesFiltering - skip non existing resourceDirectory C:\Users\teshahan\OneDrive\Eclipse1\HomeLoans\src\main\resources
2025-07-03 16:24:05,967 [Worker-150: Building] INFO  o.a.m.s.f.DefaultMavenResourcesFiltering - skip non existing resourceDirectory C:\Users\teshahan\OneDrive\Eclipse1\HomeLoans\src\test\resources
2025-07-03 16:32:54,997 [Worker-156: Building] INFO  o.a.m.s.f.DefaultMavenResourcesFiltering - skip non existing resourceDirectory C:\Users\teshahan\OneDrive\Eclipse1\HomeLoans\src\main\resources
2025-07-03 16:32:55,001 [Worker-156: Building] INFO  o.a.m.s.f.DefaultMavenResourcesFiltering - skip non existing resourceDirectory C:\Users\teshahan\OneDrive\Eclipse1\HomeLoans\src\test\resources
2025-07-03 16:39:01,726 [Worker-155: Building] INFO  o.a.m.s.f.DefaultMavenResourcesFiltering - skip non existing resourceDirectory C:\Users\teshahan\OneDrive\Eclipse1\HomeLoans\src\main\resources
2025-07-03 16:39:01,729 [Worker-155: Building] INFO  o.a.m.s.f.DefaultMavenResourcesFiltering - skip non existing resourceDirectory C:\Users\teshahan\OneDrive\Eclipse1\HomeLoans\src\test\resources
2025-07-03 16:39:06,424 [Worker-161: Building] INFO  o.a.m.s.f.DefaultMavenResourcesFiltering - skip non existing resourceDirectory C:\Users\teshahan\OneDrive\Eclipse1\HomeLoans\src\main\resources
2025-07-03 16:39:06,428 [Worker-161: Building] INFO  o.a.m.s.f.DefaultMavenResourcesFiltering - skip non existing resourceDirectory C:\Users\teshahan\OneDrive\Eclipse1\HomeLoans\src\test\resources
2025-07-03 16:41:03,390 [Worker-163: Launching HomeLoans.feature] INFO  o.a.m.s.f.DefaultMavenResourcesFiltering - skip non existing resourceDirectory C:\Users\teshahan\OneDrive\Eclipse1\HomeLoans\src\main\resources
2025-07-03 16:41:03,394 [Worker-163: Launching HomeLoans.feature] INFO  o.a.m.s.f.DefaultMavenResourcesFiltering - skip non existing resourceDirectory C:\Users\teshahan\OneDrive\Eclipse1\HomeLoans\src\test\resources
2025-07-03 16:41:59,139 [Worker-160: Building] INFO  o.a.m.s.f.DefaultMavenResourcesFiltering - skip non existing resourceDirectory C:\Users\teshahan\OneDrive\Eclipse1\HomeLoans\src\main\resources
2025-07-03 16:41:59,142 [Worker-160: Building] INFO  o.a.m.s.f.DefaultMavenResourcesFiltering - skip non existing resourceDirectory C:\Users\teshahan\OneDrive\Eclipse1\HomeLoans\src\test\resources
2025-07-03 16:42:01,201 [Worker-155: Building] INFO  o.a.m.s.f.DefaultMavenResourcesFiltering - skip non existing resourceDirectory C:\Users\teshahan\OneDrive\Eclipse1\HomeLoans\src\main\resources
2025-07-03 16:42:01,206 [Worker-155: Building] INFO  o.a.m.s.f.DefaultMavenResourcesFiltering - skip non existing resourceDirectory C:\Users\teshahan\OneDrive\Eclipse1\HomeLoans\src\test\resources
2025-07-03 16:42:03,169 [Worker-160: Building] INFO  o.a.m.s.f.DefaultMavenResourcesFiltering - skip non existing resourceDirectory C:\Users\teshahan\OneDrive\Eclipse1\HomeLoans\src\main\resources
2025-07-03 16:42:03,171 [Worker-160: Building] INFO  o.a.m.s.f.DefaultMavenResourcesFiltering - skip non existing resourceDirectory C:\Users\teshahan\OneDrive\Eclipse1\HomeLoans\src\test\resources
2025-07-03 17:09:58,939 [Worker-169: Building] INFO  o.a.m.s.f.DefaultMavenResourcesFiltering - skip non existing resourceDirectory C:\Users\teshahan\OneDrive\Eclipse1\HomeLoans\src\main\resources
2025-07-03 17:09:58,942 [Worker-169: Building] INFO  o.a.m.s.f.DefaultMavenResourcesFiltering - skip non existing resourceDirectory C:\Users\teshahan\OneDrive\Eclipse1\HomeLoans\src\test\resources
2025-07-03 17:10:06,147 [Worker-165: Building] INFO  o.a.m.s.f.DefaultMavenResourcesFiltering - skip non existing resourceDirectory C:\Users\teshahan\OneDrive\Eclipse1\HomeLoans\src\main\resources
2025-07-03 17:10:06,150 [Worker-165: Building] INFO  o.a.m.s.f.DefaultMavenResourcesFiltering - skip non existing resourceDirectory C:\Users\teshahan\OneDrive\Eclipse1\HomeLoans\src\test\resources
2025-07-03 17:29:10,191 [Worker-174: Launching TestRunnerWithJunit] INFO  o.a.m.s.f.DefaultMavenResourcesFiltering - skip non existing resourceDirectory C:\Users\teshahan\OneDrive\Eclipse1\HomeLoans\src\main\resources
2025-07-03 17:29:10,194 [Worker-174: Launching TestRunnerWithJunit] INFO  o.a.m.s.f.DefaultMavenResourcesFiltering - skip non existing resourceDirectory C:\Users\teshahan\OneDrive\Eclipse1\HomeLoans\src\test\resources
2025-07-03 17:29:56,250 [Worker-173: Building] INFO  o.a.m.s.f.DefaultMavenResourcesFiltering - skip non existing resourceDirectory C:\Users\teshahan\OneDrive\Eclipse1\HomeLoans\src\main\resources
2025-07-03 17:29:56,256 [Worker-173: Building] INFO  o.a.m.s.f.DefaultMavenResourcesFiltering - skip non existing resourceDirectory C:\Users\teshahan\OneDrive\Eclipse1\HomeLoans\src\test\resources
2025-07-04 10:10:00,204 [Worker-186: Launching HomeLoans.feature] INFO  o.a.m.s.f.DefaultMavenResourcesFiltering - skip non existing resourceDirectory C:\Users\teshahan\OneDrive\Eclipse1\HomeLoans\src\main\resources
2025-07-04 10:10:00,212 [Worker-186: Launching HomeLoans.feature] INFO  o.a.m.s.f.DefaultMavenResourcesFiltering - skip non existing resourceDirectory C:\Users\teshahan\OneDrive\Eclipse1\HomeLoans\src\test\resources
2025-07-04 10:13:27,003 [Worker-186: Building] INFO  o.a.m.s.f.DefaultMavenResourcesFiltering - skip non existing resourceDirectory C:\Users\teshahan\OneDrive\Eclipse1\HomeLoans\src\main\resources
2025-07-04 10:13:27,007 [Worker-186: Building] INFO  o.a.m.s.f.DefaultMavenResourcesFiltering - skip non existing resourceDirectory C:\Users\teshahan\OneDrive\Eclipse1\HomeLoans\src\test\resources
2025-07-04 10:13:41,440 [Worker-185: Launching TestRunnerWithJunit] INFO  o.a.m.s.f.DefaultMavenResourcesFiltering - skip non existing resourceDirectory C:\Users\teshahan\OneDrive\Eclipse1\HomeLoans\src\main\resources
2025-07-04 10:13:41,443 [Worker-185: Launching TestRunnerWithJunit] INFO  o.a.m.s.f.DefaultMavenResourcesFiltering - skip non existing resourceDirectory C:\Users\teshahan\OneDrive\Eclipse1\HomeLoans\src\test\resources
2025-07-04 10:33:05,425 [Worker-194: Building] INFO  o.a.m.s.f.DefaultMavenResourcesFiltering - skip non existing resourceDirectory C:\Users\teshahan\OneDrive\Eclipse1\HomeLoans\src\main\resources
2025-07-04 10:33:05,428 [Worker-194: Building] INFO  o.a.m.s.f.DefaultMavenResourcesFiltering - skip non existing resourceDirectory C:\Users\teshahan\OneDrive\Eclipse1\HomeLoans\src\test\resources
2025-07-04 10:33:14,076 [Worker-194: Launching HomeLoans.feature] INFO  o.a.m.s.f.DefaultMavenResourcesFiltering - skip non existing resourceDirectory C:\Users\teshahan\OneDrive\Eclipse1\HomeLoans\src\main\resources
2025-07-04 10:33:14,079 [Worker-194: Launching HomeLoans.feature] INFO  o.a.m.s.f.DefaultMavenResourcesFiltering - skip non existing resourceDirectory C:\Users\teshahan\OneDrive\Eclipse1\HomeLoans\src\test\resources
2025-07-04 10:34:28,760 [Worker-1: Loading available Gradle versions] INFO  o.e.b.c.i.u.g.PublishedGradleVersions - Gradle version information cache is out-of-date. Trying to update.
2025-07-04 10:35:56,110 [Worker-2: Loading available Gradle versions] INFO  o.e.b.c.i.u.g.PublishedGradleVersions - Gradle version information cache is up-to-date. Trying to read.
2025-07-04 10:39:09,112 [Worker-16: Launching HomeLoans.feature] INFO  o.e.m.c.i.e.AbstractTransferListenerAdapter - Downloading https://repo.maven.apache.org/maven2/io/cucumber/messages/maven-metadata.xml
2025-07-04 10:39:09,137 [Worker-16: Launching HomeLoans.feature] INFO  o.e.m.c.i.e.AbstractTransferListenerAdapter - Downloaded https://repo.maven.apache.org/maven2/io/cucumber/messages/maven-metadata.xml
2025-07-04 10:39:09,474 [Worker-16: Launching HomeLoans.feature] INFO  o.e.m.c.i.e.AbstractTransferListenerAdapter - Downloading https://repo.maven.apache.org/maven2/io/cucumber/query/maven-metadata.xml
2025-07-04 10:39:09,486 [Worker-16: Launching HomeLoans.feature] INFO  o.e.m.c.i.e.AbstractTransferListenerAdapter - Downloaded https://repo.maven.apache.org/maven2/io/cucumber/query/maven-metadata.xml
2025-07-04 10:39:11,166 [Worker-16: Launching HomeLoans.feature] INFO  o.a.m.s.f.DefaultMavenResourcesFiltering - skip non existing resourceDirectory C:\Users\teshahan\OneDrive\Eclipse1\HomeLoans\src\main\resources
2025-07-04 10:39:11,174 [Worker-16: Launching HomeLoans.feature] INFO  o.a.m.s.f.DefaultMavenResourcesFiltering - skip non existing resourceDirectory C:\Users\teshahan\OneDrive\Eclipse1\HomeLoans\src\test\resources
2025-07-04 10:41:11,131 [Worker-23: Launching HomeLoans.feature] INFO  o.a.m.s.f.DefaultMavenResourcesFiltering - skip non existing resourceDirectory C:\Users\teshahan\OneDrive\Eclipse1\HomeLoans\src\main\resources
2025-07-04 10:41:11,136 [Worker-23: Launching HomeLoans.feature] INFO  o.a.m.s.f.DefaultMavenResourcesFiltering - skip non existing resourceDirectory C:\Users\teshahan\OneDrive\Eclipse1\HomeLoans\src\test\resources
2025-07-04 10:58:20,683 [Worker-28: Building] INFO  o.a.m.s.f.DefaultMavenResourcesFiltering - skip non existing resourceDirectory C:\Users\teshahan\OneDrive\Eclipse1\HomeLoans\src\main\resources
2025-07-04 10:58:20,690 [Worker-28: Building] INFO  o.a.m.s.f.DefaultMavenResourcesFiltering - skip non existing resourceDirectory C:\Users\teshahan\OneDrive\Eclipse1\HomeLoans\src\test\resources
2025-07-04 10:58:34,207 [Worker-27: Building] INFO  o.a.m.s.f.DefaultMavenResourcesFiltering - skip non existing resourceDirectory C:\Users\teshahan\OneDrive\Eclipse1\HomeLoans\src\main\resources
2025-07-04 10:58:34,215 [Worker-27: Building] INFO  o.a.m.s.f.DefaultMavenResourcesFiltering - skip non existing resourceDirectory C:\Users\teshahan\OneDrive\Eclipse1\HomeLoans\src\test\resources
2025-07-04 11:05:47,944 [Worker-3: Launching HomeLoans.feature] INFO  o.a.m.s.f.DefaultMavenResourcesFiltering - skip non existing resourceDirectory C:\Users\teshahan\OneDrive\Eclipse1\HomeLoans\src\main\resources
2025-07-04 11:05:47,949 [Worker-3: Launching HomeLoans.feature] INFO  o.a.m.s.f.DefaultMavenResourcesFiltering - skip non existing resourceDirectory C:\Users\teshahan\OneDrive\Eclipse1\HomeLoans\src\test\resources
2025-07-04 11:09:12,763 [Worker-32: Building] INFO  o.a.m.s.f.DefaultMavenResourcesFiltering - skip non existing resourceDirectory C:\Users\teshahan\OneDrive\Eclipse1\HomeLoans\src\main\resources
2025-07-04 11:09:12,767 [Worker-32: Building] INFO  o.a.m.s.f.DefaultMavenResourcesFiltering - skip non existing resourceDirectory C:\Users\teshahan\OneDrive\Eclipse1\HomeLoans\src\test\resources
2025-07-04 11:09:54,996 [Worker-35: Building] INFO  o.a.m.s.f.DefaultMavenResourcesFiltering - skip non existing resourceDirectory C:\Users\teshahan\OneDrive\Eclipse1\HomeLoans\src\main\resources
2025-07-04 11:09:55,000 [Worker-35: Building] INFO  o.a.m.s.f.DefaultMavenResourcesFiltering - skip non existing resourceDirectory C:\Users\teshahan\OneDrive\Eclipse1\HomeLoans\src\test\resources
2025-07-04 11:15:37,894 [Worker-37: Building] INFO  o.a.m.s.f.DefaultMavenResourcesFiltering - skip non existing resourceDirectory C:\Users\teshahan\OneDrive\Eclipse1\HomeLoans\src\main\resources
2025-07-04 11:15:37,898 [Worker-37: Building] INFO  o.a.m.s.f.DefaultMavenResourcesFiltering - skip non existing resourceDirectory C:\Users\teshahan\OneDrive\Eclipse1\HomeLoans\src\test\resources
2025-07-04 12:14:58,144 [Worker-52: Building] INFO  o.a.m.s.f.DefaultMavenResourcesFiltering - skip non existing resourceDirectory C:\Users\teshahan\OneDrive\Eclipse1\HomeLoans\src\main\resources
2025-07-04 12:14:58,148 [Worker-52: Building] INFO  o.a.m.s.f.DefaultMavenResourcesFiltering - skip non existing resourceDirectory C:\Users\teshahan\OneDrive\Eclipse1\HomeLoans\src\test\resources
2025-07-04 12:15:41,941 [Worker-55: Building] INFO  o.a.m.s.f.DefaultMavenResourcesFiltering - skip non existing resourceDirectory C:\Users\teshahan\OneDrive\Eclipse1\HomeLoans\src\main\resources
2025-07-04 12:15:41,944 [Worker-55: Building] INFO  o.a.m.s.f.DefaultMavenResourcesFiltering - skip non existing resourceDirectory C:\Users\teshahan\OneDrive\Eclipse1\HomeLoans\src\test\resources
2025-07-04 12:16:01,857 [Worker-54: Building] INFO  o.a.m.s.f.DefaultMavenResourcesFiltering - skip non existing resourceDirectory C:\Users\teshahan\OneDrive\Eclipse1\HomeLoans\src\main\resources
2025-07-04 12:16:01,860 [Worker-54: Building] INFO  o.a.m.s.f.DefaultMavenResourcesFiltering - skip non existing resourceDirectory C:\Users\teshahan\OneDrive\Eclipse1\HomeLoans\src\test\resources
2025-07-04 12:16:15,252 [Worker-52: Building] INFO  o.a.m.s.f.DefaultMavenResourcesFiltering - skip non existing resourceDirectory C:\Users\teshahan\OneDrive\Eclipse1\HomeLoans\src\main\resources
2025-07-04 12:16:15,257 [Worker-52: Building] INFO  o.a.m.s.f.DefaultMavenResourcesFiltering - skip non existing resourceDirectory C:\Users\teshahan\OneDrive\Eclipse1\HomeLoans\src\test\resources
2025-07-04 12:16:53,431 [Worker-56: Launching SBI.feature] INFO  o.a.m.s.f.DefaultMavenResourcesFiltering - skip non existing resourceDirectory C:\Users\teshahan\OneDrive\Eclipse1\HomeLoans\src\main\resources
2025-07-04 12:16:53,437 [Worker-56: Launching SBI.feature] INFO  o.a.m.s.f.DefaultMavenResourcesFiltering - skip non existing resourceDirectory C:\Users\teshahan\OneDrive\Eclipse1\HomeLoans\src\test\resources
2025-07-04 12:17:36,557 [Worker-53: Building] INFO  o.a.m.s.f.DefaultMavenResourcesFiltering - skip non existing resourceDirectory C:\Users\teshahan\OneDrive\Eclipse1\HomeLoans\src\main\resources
2025-07-04 12:17:36,560 [Worker-53: Building] INFO  o.a.m.s.f.DefaultMavenResourcesFiltering - skip non existing resourceDirectory C:\Users\teshahan\OneDrive\Eclipse1\HomeLoans\src\test\resources
2025-07-04 12:25:08,603 [Worker-58: Building] INFO  o.a.m.s.f.DefaultMavenResourcesFiltering - skip non existing resourceDirectory C:\Users\teshahan\OneDrive\Eclipse1\HomeLoans\src\main\resources
2025-07-04 12:25:08,604 [Worker-58: Building] INFO  o.a.m.s.f.DefaultMavenResourcesFiltering - skip non existing resourceDirectory C:\Users\teshahan\OneDrive\Eclipse1\HomeLoans\src\test\resources
2025-07-04 12:28:17,598 [Worker-59: Building] INFO  o.a.m.s.f.DefaultMavenResourcesFiltering - skip non existing resourceDirectory C:\Users\teshahan\OneDrive\Eclipse1\HomeLoans\src\main\resources
2025-07-04 12:28:17,603 [Worker-59: Building] INFO  o.a.m.s.f.DefaultMavenResourcesFiltering - skip non existing resourceDirectory C:\Users\teshahan\OneDrive\Eclipse1\HomeLoans\src\test\resources
2025-07-04 12:34:23,679 [Worker-63: Building] INFO  o.a.m.s.f.DefaultMavenResourcesFiltering - skip non existing resourceDirectory C:\Users\teshahan\OneDrive\Eclipse1\HomeLoans\src\main\resources
2025-07-04 12:34:23,685 [Worker-63: Building] INFO  o.a.m.s.f.DefaultMavenResourcesFiltering - skip non existing resourceDirectory C:\Users\teshahan\OneDrive\Eclipse1\HomeLoans\src\test\resources
2025-07-04 12:35:14,155 [Worker-62: Building] INFO  o.a.m.s.f.DefaultMavenResourcesFiltering - skip non existing resourceDirectory C:\Users\teshahan\OneDrive\Eclipse1\HomeLoans\src\main\resources
2025-07-04 12:35:14,158 [Worker-62: Building] INFO  o.a.m.s.f.DefaultMavenResourcesFiltering - skip non existing resourceDirectory C:\Users\teshahan\OneDrive\Eclipse1\HomeLoans\src\test\resources
2025-07-04 12:50:06,114 [Worker-61: Building] INFO  o.a.m.s.f.DefaultMavenResourcesFiltering - skip non existing resourceDirectory C:\Users\teshahan\OneDrive\Eclipse1\HomeLoans\src\main\resources
2025-07-04 12:50:06,120 [Worker-61: Building] INFO  o.a.m.s.f.DefaultMavenResourcesFiltering - skip non existing resourceDirectory C:\Users\teshahan\OneDrive\Eclipse1\HomeLoans\src\test\resources
2025-07-04 12:50:15,125 [Worker-61: Building] INFO  o.a.m.s.f.DefaultMavenResourcesFiltering - skip non existing resourceDirectory C:\Users\teshahan\OneDrive\Eclipse1\HomeLoans\src\main\resources
2025-07-04 12:50:15,129 [Worker-61: Building] INFO  o.a.m.s.f.DefaultMavenResourcesFiltering - skip non existing resourceDirectory C:\Users\teshahan\OneDrive\Eclipse1\HomeLoans\src\test\resources
2025-07-04 12:50:25,086 [Worker-65: Building] INFO  o.a.m.s.f.DefaultMavenResourcesFiltering - skip non existing resourceDirectory C:\Users\teshahan\OneDrive\Eclipse1\HomeLoans\src\main\resources
2025-07-04 12:50:25,090 [Worker-65: Building] INFO  o.a.m.s.f.DefaultMavenResourcesFiltering - skip non existing resourceDirectory C:\Users\teshahan\OneDrive\Eclipse1\HomeLoans\src\test\resources
2025-07-04 12:52:02,489 [Worker-61: Building] INFO  o.a.m.s.f.DefaultMavenResourcesFiltering - skip non existing resourceDirectory C:\Users\teshahan\OneDrive\Eclipse1\HomeLoans\src\main\resources
2025-07-04 12:52:02,492 [Worker-61: Building] INFO  o.a.m.s.f.DefaultMavenResourcesFiltering - skip non existing resourceDirectory C:\Users\teshahan\OneDrive\Eclipse1\HomeLoans\src\test\resources
2025-07-04 12:54:54,656 [Worker-69: Building] INFO  o.a.m.s.f.DefaultMavenResourcesFiltering - skip non existing resourceDirectory C:\Users\teshahan\OneDrive\Eclipse1\HomeLoans\src\main\resources
2025-07-04 12:54:54,658 [Worker-69: Building] INFO  o.a.m.s.f.DefaultMavenResourcesFiltering - skip non existing resourceDirectory C:\Users\teshahan\OneDrive\Eclipse1\HomeLoans\src\test\resources
2025-07-04 12:57:17,653 [Worker-68: Building] INFO  o.a.m.s.f.DefaultMavenResourcesFiltering - skip non existing resourceDirectory C:\Users\teshahan\OneDrive\Eclipse1\HomeLoans\src\main\resources
2025-07-04 12:57:17,656 [Worker-68: Building] INFO  o.a.m.s.f.DefaultMavenResourcesFiltering - skip non existing resourceDirectory C:\Users\teshahan\OneDrive\Eclipse1\HomeLoans\src\test\resources
2025-07-04 14:18:46,914 [Worker-68: Building] INFO  o.a.m.s.f.DefaultMavenResourcesFiltering - skip non existing resourceDirectory C:\Users\teshahan\OneDrive\Eclipse1\HomeLoans\src\main\resources
2025-07-04 14:18:46,923 [Worker-68: Building] INFO  o.a.m.s.f.DefaultMavenResourcesFiltering - skip non existing resourceDirectory C:\Users\teshahan\OneDrive\Eclipse1\HomeLoans\src\test\resources
2025-07-04 14:27:44,872 [Worker-82: Building] INFO  o.a.m.s.f.DefaultMavenResourcesFiltering - skip non existing resourceDirectory C:\Users\teshahan\OneDrive\Eclipse1\HomeLoans\src\main\resources
2025-07-04 14:27:44,879 [Worker-82: Building] INFO  o.a.m.s.f.DefaultMavenResourcesFiltering - skip non existing resourceDirectory C:\Users\teshahan\OneDrive\Eclipse1\HomeLoans\src\test\resources
2025-07-04 14:27:50,783 [Worker-80: Launching CitySign.feature] INFO  o.a.m.s.f.DefaultMavenResourcesFiltering - skip non existing resourceDirectory C:\Users\teshahan\OneDrive\Eclipse1\HomeLoans\src\main\resources
2025-07-04 14:27:50,786 [Worker-80: Launching CitySign.feature] INFO  o.a.m.s.f.DefaultMavenResourcesFiltering - skip non existing resourceDirectory C:\Users\teshahan\OneDrive\Eclipse1\HomeLoans\src\test\resources
2025-07-04 14:30:02,456 [Worker-82: Building] INFO  o.a.m.s.f.DefaultMavenResourcesFiltering - skip non existing resourceDirectory C:\Users\teshahan\OneDrive\Eclipse1\HomeLoans\src\main\resources
2025-07-04 14:30:02,473 [Worker-82: Building] INFO  o.a.m.s.f.DefaultMavenResourcesFiltering - skip non existing resourceDirectory C:\Users\teshahan\OneDrive\Eclipse1\HomeLoans\src\test\resources
2025-07-04 14:52:38,167 [Worker-88: Building] INFO  o.a.m.s.f.DefaultMavenResourcesFiltering - skip non existing resourceDirectory C:\Users\teshahan\OneDrive\Eclipse1\HomeLoans\src\main\resources
2025-07-04 14:52:38,170 [Worker-88: Building] INFO  o.a.m.s.f.DefaultMavenResourcesFiltering - skip non existing resourceDirectory C:\Users\teshahan\OneDrive\Eclipse1\HomeLoans\src\test\resources
2025-07-04 15:02:41,682 [Worker-91: Building] INFO  o.a.m.s.f.DefaultMavenResourcesFiltering - skip non existing resourceDirectory C:\Users\teshahan\OneDrive\Eclipse1\HomeLoans\src\main\resources
2025-07-04 15:02:41,689 [Worker-91: Building] INFO  o.a.m.s.f.DefaultMavenResourcesFiltering - skip non existing resourceDirectory C:\Users\teshahan\OneDrive\Eclipse1\HomeLoans\src\test\resources
2025-07-04 15:03:07,397 [Worker-94: Building] INFO  o.a.m.s.f.DefaultMavenResourcesFiltering - skip non existing resourceDirectory C:\Users\teshahan\OneDrive\Eclipse1\HomeLoans\src\main\resources
2025-07-04 15:03:07,401 [Worker-94: Building] INFO  o.a.m.s.f.DefaultMavenResourcesFiltering - skip non existing resourceDirectory C:\Users\teshahan\OneDrive\Eclipse1\HomeLoans\src\test\resources
2025-07-04 15:07:13,894 [Worker-93: Building] INFO  o.a.m.s.f.DefaultMavenResourcesFiltering - skip non existing resourceDirectory C:\Users\teshahan\OneDrive\Eclipse1\HomeLoans\src\main\resources
2025-07-04 15:07:13,900 [Worker-93: Building] INFO  o.a.m.s.f.DefaultMavenResourcesFiltering - skip non existing resourceDirectory C:\Users\teshahan\OneDrive\Eclipse1\HomeLoans\src\test\resources
2025-07-04 15:07:39,598 [Worker-93: Building] INFO  o.a.m.s.f.DefaultMavenResourcesFiltering - skip non existing resourceDirectory C:\Users\teshahan\OneDrive\Eclipse1\HomeLoans\src\main\resources
2025-07-04 15:07:39,602 [Worker-93: Building] INFO  o.a.m.s.f.DefaultMavenResourcesFiltering - skip non existing resourceDirectory C:\Users\teshahan\OneDrive\Eclipse1\HomeLoans\src\test\resources
2025-07-04 15:09:13,657 [Worker-91: Building] INFO  o.a.m.s.f.DefaultMavenResourcesFiltering - skip non existing resourceDirectory C:\Users\teshahan\OneDrive\Eclipse1\HomeLoans\src\main\resources
2025-07-04 15:09:13,664 [Worker-91: Building] INFO  o.a.m.s.f.DefaultMavenResourcesFiltering - skip non existing resourceDirectory C:\Users\teshahan\OneDrive\Eclipse1\HomeLoans\src\test\resources
2025-07-04 15:10:20,171 [Worker-98: Building] INFO  o.a.m.s.f.DefaultMavenResourcesFiltering - skip non existing resourceDirectory C:\Users\teshahan\OneDrive\Eclipse1\HomeLoans\src\main\resources
2025-07-04 15:10:20,174 [Worker-98: Building] INFO  o.a.m.s.f.DefaultMavenResourcesFiltering - skip non existing resourceDirectory C:\Users\teshahan\OneDrive\Eclipse1\HomeLoans\src\test\resources
2025-07-04 15:11:39,382 [Worker-97: Building] INFO  o.a.m.s.f.DefaultMavenResourcesFiltering - skip non existing resourceDirectory C:\Users\teshahan\OneDrive\Eclipse1\HomeLoans\src\main\resources
2025-07-04 15:11:39,387 [Worker-97: Building] INFO  o.a.m.s.f.DefaultMavenResourcesFiltering - skip non existing resourceDirectory C:\Users\teshahan\OneDrive\Eclipse1\HomeLoans\src\test\resources
2025-07-04 15:13:42,958 [Worker-93: Building] INFO  o.a.m.s.f.DefaultMavenResourcesFiltering - skip non existing resourceDirectory C:\Users\teshahan\OneDrive\Eclipse1\HomeLoans\src\main\resources
2025-07-04 15:13:42,965 [Worker-93: Building] INFO  o.a.m.s.f.DefaultMavenResourcesFiltering - skip non existing resourceDirectory C:\Users\teshahan\OneDrive\Eclipse1\HomeLoans\src\test\resources
2025-07-04 15:13:49,730 [Worker-98: Launching TestRunnerWithJunit] INFO  o.a.m.s.f.DefaultMavenResourcesFiltering - skip non existing resourceDirectory C:\Users\teshahan\OneDrive\Eclipse1\HomeLoans\src\main\resources
2025-07-04 15:13:49,734 [Worker-98: Launching TestRunnerWithJunit] INFO  o.a.m.s.f.DefaultMavenResourcesFiltering - skip non existing resourceDirectory C:\Users\teshahan\OneDrive\Eclipse1\HomeLoans\src\test\resources
2025-07-04 15:20:30,489 [Worker-89: Building] INFO  o.a.m.s.f.DefaultMavenResourcesFiltering - skip non existing resourceDirectory C:\Users\teshahan\OneDrive\Eclipse1\HomeLoans\src\main\resources
2025-07-04 15:20:30,496 [Worker-89: Building] INFO  o.a.m.s.f.DefaultMavenResourcesFiltering - skip non existing resourceDirectory C:\Users\teshahan\OneDrive\Eclipse1\HomeLoans\src\test\resources
2025-07-04 15:21:01,472 [Worker-97: Building] INFO  o.a.m.s.f.DefaultMavenResourcesFiltering - skip non existing resourceDirectory C:\Users\teshahan\OneDrive\Eclipse1\HomeLoans\src\main\resources
2025-07-04 15:21:01,476 [Worker-97: Building] INFO  o.a.m.s.f.DefaultMavenResourcesFiltering - skip non existing resourceDirectory C:\Users\teshahan\OneDrive\Eclipse1\HomeLoans\src\test\resources
2025-07-04 15:29:38,973 [Worker-102: Building] INFO  o.a.m.s.f.DefaultMavenResourcesFiltering - skip non existing resourceDirectory C:\Users\teshahan\OneDrive\Eclipse1\HomeLoans\src\main\resources
2025-07-04 15:29:38,980 [Worker-102: Building] INFO  o.a.m.s.f.DefaultMavenResourcesFiltering - skip non existing resourceDirectory C:\Users\teshahan\OneDrive\Eclipse1\HomeLoans\src\test\resources
2025-07-04 15:32:38,020 [Worker-100: Launching CitySign.feature] INFO  o.a.m.s.f.DefaultMavenResourcesFiltering - skip non existing resourceDirectory C:\Users\teshahan\OneDrive\Eclipse1\HomeLoans\src\main\resources
2025-07-04 15:32:38,024 [Worker-100: Launching CitySign.feature] INFO  o.a.m.s.f.DefaultMavenResourcesFiltering - skip non existing resourceDirectory C:\Users\teshahan\OneDrive\Eclipse1\HomeLoans\src\test\resources
2025-07-04 15:34:31,837 [Worker-105: Building] INFO  o.a.m.s.f.DefaultMavenResourcesFiltering - skip non existing resourceDirectory C:\Users\teshahan\OneDrive\Eclipse1\HomeLoans\src\main\resources
2025-07-04 15:34:31,841 [Worker-105: Building] INFO  o.a.m.s.f.DefaultMavenResourcesFiltering - skip non existing resourceDirectory C:\Users\teshahan\OneDrive\Eclipse1\HomeLoans\src\test\resources
2025-07-04 15:35:21,733 [Worker-102: Building] INFO  o.a.m.s.f.DefaultMavenResourcesFiltering - skip non existing resourceDirectory C:\Users\teshahan\OneDrive\Eclipse1\HomeLoans\src\main\resources
2025-07-04 15:35:21,736 [Worker-102: Building] INFO  o.a.m.s.f.DefaultMavenResourcesFiltering - skip non existing resourceDirectory C:\Users\teshahan\OneDrive\Eclipse1\HomeLoans\src\test\resources
2025-07-04 15:38:13,848 [Worker-105: Building] INFO  o.a.m.s.f.DefaultMavenResourcesFiltering - skip non existing resourceDirectory C:\Users\teshahan\OneDrive\Eclipse1\HomeLoans\src\main\resources
2025-07-04 15:38:13,853 [Worker-105: Building] INFO  o.a.m.s.f.DefaultMavenResourcesFiltering - skip non existing resourceDirectory C:\Users\teshahan\OneDrive\Eclipse1\HomeLoans\src\test\resources
2025-07-04 15:38:57,413 [Worker-89: Building] INFO  o.a.m.s.f.DefaultMavenResourcesFiltering - skip non existing resourceDirectory C:\Users\teshahan\OneDrive\Eclipse1\HomeLoans\src\main\resources
2025-07-04 15:38:57,416 [Worker-89: Building] INFO  o.a.m.s.f.DefaultMavenResourcesFiltering - skip non existing resourceDirectory C:\Users\teshahan\OneDrive\Eclipse1\HomeLoans\src\test\resources
2025-07-04 15:39:00,371 [Worker-107: Building] INFO  o.a.m.s.f.DefaultMavenResourcesFiltering - skip non existing resourceDirectory C:\Users\teshahan\OneDrive\Eclipse1\HomeLoans\src\main\resources
2025-07-04 15:39:00,374 [Worker-107: Building] INFO  o.a.m.s.f.DefaultMavenResourcesFiltering - skip non existing resourceDirectory C:\Users\teshahan\OneDrive\Eclipse1\HomeLoans\src\test\resources
2025-07-04 15:40:44,747 [Worker-102: Building] INFO  o.a.m.s.f.DefaultMavenResourcesFiltering - skip non existing resourceDirectory C:\Users\teshahan\OneDrive\Eclipse1\HomeLoans\src\main\resources
2025-07-04 15:40:44,749 [Worker-102: Building] INFO  o.a.m.s.f.DefaultMavenResourcesFiltering - skip non existing resourceDirectory C:\Users\teshahan\OneDrive\Eclipse1\HomeLoans\src\test\resources
2025-07-04 15:41:38,754 [Worker-105: Building] INFO  o.a.m.s.f.DefaultMavenResourcesFiltering - skip non existing resourceDirectory C:\Users\teshahan\OneDrive\Eclipse1\HomeLoans\src\main\resources
2025-07-04 15:41:38,756 [Worker-105: Building] INFO  o.a.m.s.f.DefaultMavenResourcesFiltering - skip non existing resourceDirectory C:\Users\teshahan\OneDrive\Eclipse1\HomeLoans\src\test\resources
2025-07-04 15:54:30,685 [Worker-109: Building] INFO  o.a.m.s.f.DefaultMavenResourcesFiltering - skip non existing resourceDirectory C:\Users\teshahan\OneDrive\Eclipse1\HomeLoans\src\main\resources
2025-07-04 15:54:30,690 [Worker-109: Building] INFO  o.a.m.s.f.DefaultMavenResourcesFiltering - skip non existing resourceDirectory C:\Users\teshahan\OneDrive\Eclipse1\HomeLoans\src\test\resources
2025-07-04 15:54:47,732 [Worker-109: Launching sejal.feature] INFO  o.a.m.s.f.DefaultMavenResourcesFiltering - skip non existing resourceDirectory C:\Users\teshahan\OneDrive\Eclipse1\HomeLoans\src\main\resources
2025-07-04 15:54:47,736 [Worker-109: Launching sejal.feature] INFO  o.a.m.s.f.DefaultMavenResourcesFiltering - skip non existing resourceDirectory C:\Users\teshahan\OneDrive\Eclipse1\HomeLoans\src\test\resources
2025-07-04 15:56:39,012 [Worker-112: Building] INFO  o.a.m.s.f.DefaultMavenResourcesFiltering - skip non existing resourceDirectory C:\Users\teshahan\OneDrive\Eclipse1\HomeLoans\src\main\resources
2025-07-04 15:56:39,013 [Worker-112: Building] INFO  o.a.m.s.f.DefaultMavenResourcesFiltering - skip non existing resourceDirectory C:\Users\teshahan\OneDrive\Eclipse1\HomeLoans\src\test\resources
2025-07-04 15:57:35,058 [Worker-110: Building] INFO  o.a.m.s.f.DefaultMavenResourcesFiltering - skip non existing resourceDirectory C:\Users\teshahan\OneDrive\Eclipse1\HomeLoans\src\main\resources
2025-07-04 15:57:35,064 [Worker-110: Building] INFO  o.a.m.s.f.DefaultMavenResourcesFiltering - skip non existing resourceDirectory C:\Users\teshahan\OneDrive\Eclipse1\HomeLoans\src\test\resources
2025-07-04 16:13:02,399 [Worker-112: Building] INFO  o.a.m.s.f.DefaultMavenResourcesFiltering - skip non existing resourceDirectory C:\Users\teshahan\OneDrive\Eclipse1\HomeLoans\src\main\resources
2025-07-04 16:13:02,401 [Worker-112: Building] INFO  o.a.m.s.f.DefaultMavenResourcesFiltering - skip non existing resourceDirectory C:\Users\teshahan\OneDrive\Eclipse1\HomeLoans\src\test\resources
2025-07-04 16:13:06,518 [Worker-110: Building] INFO  o.a.m.s.f.DefaultMavenResourcesFiltering - skip non existing resourceDirectory C:\Users\teshahan\OneDrive\Eclipse1\HomeLoans\src\main\resources
2025-07-04 16:13:06,521 [Worker-110: Building] INFO  o.a.m.s.f.DefaultMavenResourcesFiltering - skip non existing resourceDirectory C:\Users\teshahan\OneDrive\Eclipse1\HomeLoans\src\test\resources
2025-07-04 16:13:31,418 [Worker-112: Building] INFO  o.a.m.s.f.DefaultMavenResourcesFiltering - skip non existing resourceDirectory C:\Users\teshahan\OneDrive\Eclipse1\HomeLoans\src\main\resources
2025-07-04 16:13:31,421 [Worker-112: Building] INFO  o.a.m.s.f.DefaultMavenResourcesFiltering - skip non existing resourceDirectory C:\Users\teshahan\OneDrive\Eclipse1\HomeLoans\src\test\resources
2025-07-04 16:13:37,181 [Worker-110: Launching TestRunnerWithJunit] INFO  o.a.m.s.f.DefaultMavenResourcesFiltering - skip non existing resourceDirectory C:\Users\teshahan\OneDrive\Eclipse1\HomeLoans\src\main\resources
2025-07-04 16:13:37,185 [Worker-110: Launching TestRunnerWithJunit] INFO  o.a.m.s.f.DefaultMavenResourcesFiltering - skip non existing resourceDirectory C:\Users\teshahan\OneDrive\Eclipse1\HomeLoans\src\test\resources
2025-07-04 16:16:08,130 [Worker-112: Building] INFO  o.a.m.s.f.DefaultMavenResourcesFiltering - skip non existing resourceDirectory C:\Users\teshahan\OneDrive\Eclipse1\HomeLoans\src\main\resources
2025-07-04 16:16:08,134 [Worker-112: Building] INFO  o.a.m.s.f.DefaultMavenResourcesFiltering - skip non existing resourceDirectory C:\Users\teshahan\OneDrive\Eclipse1\HomeLoans\src\test\resources
2025-07-04 16:17:51,249 [Worker-114: Building] INFO  o.a.m.s.f.DefaultMavenResourcesFiltering - skip non existing resourceDirectory C:\Users\teshahan\OneDrive\Eclipse1\HomeLoans\src\main\resources
2025-07-04 16:17:51,251 [Worker-114: Building] INFO  o.a.m.s.f.DefaultMavenResourcesFiltering - skip non existing resourceDirectory C:\Users\teshahan\OneDrive\Eclipse1\HomeLoans\src\test\resources
2025-07-04 16:28:57,617 [Worker-120: Building] INFO  o.a.m.s.f.DefaultMavenResourcesFiltering - skip non existing resourceDirectory C:\Users\teshahan\OneDrive\Eclipse1\HomeLoans\src\main\resources
2025-07-04 16:28:57,621 [Worker-120: Building] INFO  o.a.m.s.f.DefaultMavenResourcesFiltering - skip non existing resourceDirectory C:\Users\teshahan\OneDrive\Eclipse1\HomeLoans\src\test\resources
2025-07-04 16:33:13,528 [Worker-121: Building] INFO  o.a.m.s.f.DefaultMavenResourcesFiltering - skip non existing resourceDirectory C:\Users\teshahan\OneDrive\Eclipse1\HomeLoans\src\main\resources
2025-07-04 16:33:13,530 [Worker-121: Building] INFO  o.a.m.s.f.DefaultMavenResourcesFiltering - skip non existing resourceDirectory C:\Users\teshahan\OneDrive\Eclipse1\HomeLoans\src\test\resources
2025-07-04 16:33:28,671 [Worker-120: Building] INFO  o.a.m.s.f.DefaultMavenResourcesFiltering - skip non existing resourceDirectory C:\Users\teshahan\OneDrive\Eclipse1\HomeLoans\src\main\resources
2025-07-04 16:33:28,674 [Worker-120: Building] INFO  o.a.m.s.f.DefaultMavenResourcesFiltering - skip non existing resourceDirectory C:\Users\teshahan\OneDrive\Eclipse1\HomeLoans\src\test\resources
2025-07-04 16:33:43,131 [Worker-123: Building] INFO  o.a.m.s.f.DefaultMavenResourcesFiltering - skip non existing resourceDirectory C:\Users\teshahan\OneDrive\Eclipse1\HomeLoans\src\main\resources
2025-07-04 16:33:43,137 [Worker-123: Building] INFO  o.a.m.s.f.DefaultMavenResourcesFiltering - skip non existing resourceDirectory C:\Users\teshahan\OneDrive\Eclipse1\HomeLoans\src\test\resources
2025-07-04 16:34:01,469 [Worker-109: Building] INFO  o.a.m.s.f.DefaultMavenResourcesFiltering - skip non existing resourceDirectory C:\Users\teshahan\OneDrive\Eclipse1\HomeLoans\src\main\resources
2025-07-04 16:34:01,472 [Worker-109: Building] INFO  o.a.m.s.f.DefaultMavenResourcesFiltering - skip non existing resourceDirectory C:\Users\teshahan\OneDrive\Eclipse1\HomeLoans\src\test\resources
